/Users/alenguyen/Documents/mine/joytoy/warhammer-scraper/.venv/lib/python3.9/site-packages/urllib3/__init__.py:35: NotOpenSSLWarning: urllib3 v2 only supports OpenSSL 1.1.1+, currently the 'ssl' module is compiled with 'LibreSSL 2.8.3'. See: https://github.com/urllib3/urllib3/issues/3020
  warnings.warn(
Collecting product URLs...
  page 1: 32 new products (32 total)
  page 2: 32 new products (64 total)
  page 3: 32 new products (96 total)
  page 4: 32 new products (128 total)
  page 5: 32 new products (160 total)
  page 6: 32 new products (192 total)
  page 7: 32 new products (224 total)
  page 8: 32 new products (256 total)
  page 9: 32 new products (288 total)
  page 10: 32 new products (320 total)
  page 11: 32 new products (352 total)
  page 12: 32 new products (384 total)
  page 13: 32 new products (416 total)
  page 14: 32 new products (448 total)
  page 15: 32 new products (480 total)
  page 16: 32 new products (512 total)
  page 17: 32 new products (544 total)
  page 18: 21 new products (565 total)
  page 19: 0 new products (565 total)
Found 565 products to process
[1/565] skip blood-angels-mkx-helmet-display-stand (cached)
[2/565] skip blood-angels-mkx-helmet (cached)
  downloading 19 images...
    failed image https://img.joytoy.com/u_file/2607/22/products/Blood-Angels-MkX-Helmet-1.jpg?x-oss-process=image/quality,q_100: 400 Client Error: Bad Request for url: https://img.joytoy.com/u_file/2607/22/products/Blood-Angels-MkX-Helmet-1.jpg?x-oss-process=image/quality,q_100
[3/565] skip imperial-fists-darnath-lysander-with-thunder-hammer-and-storm-shield (cached)
[4/565] scraping ultramarines-ferren-areios-with-thunder-hammer-and-bolt-pistol
  downloading 18 images...
    saved data/images/ultramarines-ferren-areios-with-thunder-hammer-and-bolt-pistol/001.jpg
    saved data/images/ultramarines-ferren-areios-with-thunder-hammer-and-bolt-pistol/002.jpg
    saved data/images/ultramarines-ferren-areios-with-thunder-hammer-and-bolt-pistol/003.jpg
    saved data/images/ultramarines-ferren-areios-with-thunder-hammer-and-bolt-pistol/004.jpg
    saved data/images/ultramarines-ferren-areios-with-thunder-hammer-and-bolt-pistol/005.jpg
    saved data/images/ultramarines-ferren-areios-with-thunder-hammer-and-bolt-pistol/006.jpg
    saved data/images/ultramarines-ferren-areios-with-thunder-hammer-and-bolt-pistol/description/001.jpg
    saved data/images/ultramarines-ferren-areios-with-thunder-hammer-and-bolt-pistol/description/002.jpg
    saved data/images/ultramarines-ferren-areios-with-thunder-hammer-and-bolt-pistol/description/003.jpg
    saved data/images/ultramarines-ferren-areios-with-thunder-hammer-and-bolt-pistol/description/004.jpg
    saved data/images/ultramarines-ferren-areios-with-thunder-hammer-and-bolt-pistol/description/005.jpg
    saved data/images/ultramarines-ferren-areios-with-thunder-hammer-and-bolt-pistol/description/006.jpg
    saved data/images/ultramarines-ferren-areios-with-thunder-hammer-and-bolt-pistol/description/007.jpg
    saved data/images/ultramarines-ferren-areios-with-thunder-hammer-and-bolt-pistol/description/008.jpg
    saved data/images/ultramarines-ferren-areios-with-thunder-hammer-and-bolt-pistol/description/009.jpg
    saved data/images/ultramarines-ferren-areios-with-thunder-hammer-and-bolt-pistol/description/010.jpg
    saved data/images/ultramarines-ferren-areios-with-thunder-hammer-and-bolt-pistol/description/011.jpg
    saved data/images/ultramarines-ferren-areios-with-thunder-hammer-and-bolt-pistol/description/012.jpg
[5/565] scraping black-templars-execrator-1-with-crozius-arcanum-and-master-crafted-power-weapon
  downloading 18 images...
    saved data/images/black-templars-execrator-1-with-crozius-arcanum-and-master-crafted-power-weapon/001.jpg
    saved data/images/black-templars-execrator-1-with-crozius-arcanum-and-master-crafted-power-weapon/002.jpg
    saved data/images/black-templars-execrator-1-with-crozius-arcanum-and-master-crafted-power-weapon/003.jpg
    saved data/images/black-templars-execrator-1-with-crozius-arcanum-and-master-crafted-power-weapon/004.jpg
    saved data/images/black-templars-execrator-1-with-crozius-arcanum-and-master-crafted-power-weapon/005.jpg
    saved data/images/black-templars-execrator-1-with-crozius-arcanum-and-master-crafted-power-weapon/006.jpg
    saved data/images/black-templars-execrator-1-with-crozius-arcanum-and-master-crafted-power-weapon/description/001.jpg
    saved data/images/black-templars-execrator-1-with-crozius-arcanum-and-master-crafted-power-weapon/description/002.jpg
    saved data/images/black-templars-execrator-1-with-crozius-arcanum-and-master-crafted-power-weapon/description/003.jpg
    saved data/images/black-templars-execrator-1-with-crozius-arcanum-and-master-crafted-power-weapon/description/004.jpg
    saved data/images/black-templars-execrator-1-with-crozius-arcanum-and-master-crafted-power-weapon/description/005.jpg
    saved data/images/black-templars-execrator-1-with-crozius-arcanum-and-master-crafted-power-weapon/description/006.jpg
    saved data/images/black-templars-execrator-1-with-crozius-arcanum-and-master-crafted-power-weapon/description/007.jpg
    saved data/images/black-templars-execrator-1-with-crozius-arcanum-and-master-crafted-power-weapon/description/008.jpg
    saved data/images/black-templars-execrator-1-with-crozius-arcanum-and-master-crafted-power-weapon/description/009.jpg
    saved data/images/black-templars-execrator-1-with-crozius-arcanum-and-master-crafted-power-weapon/description/010.jpg
    saved data/images/black-templars-execrator-1-with-crozius-arcanum-and-master-crafted-power-weapon/description/011.jpg
    saved data/images/black-templars-execrator-1-with-crozius-arcanum-and-master-crafted-power-weapon/description/012.jpg
[6/565] scraping black-templars-execrator-2-with-crozius-arcanum-and-absolvor-bolt-pistol
  downloading 18 images...
    saved data/images/black-templars-execrator-2-with-crozius-arcanum-and-absolvor-bolt-pistol/001.jpg
    saved data/images/black-templars-execrator-2-with-crozius-arcanum-and-absolvor-bolt-pistol/002.jpg
    saved data/images/black-templars-execrator-2-with-crozius-arcanum-and-absolvor-bolt-pistol/003.jpg
    saved data/images/black-templars-execrator-2-with-crozius-arcanum-and-absolvor-bolt-pistol/004.jpg
    saved data/images/black-templars-execrator-2-with-crozius-arcanum-and-absolvor-bolt-pistol/005.jpg
    saved data/images/black-templars-execrator-2-with-crozius-arcanum-and-absolvor-bolt-pistol/006.jpg
    saved data/images/black-templars-execrator-2-with-crozius-arcanum-and-absolvor-bolt-pistol/description/001.jpg
    saved data/images/black-templars-execrator-2-with-crozius-arcanum-and-absolvor-bolt-pistol/description/002.jpg
    saved data/images/black-templars-execrator-2-with-crozius-arcanum-and-absolvor-bolt-pistol/description/003.jpg
    saved data/images/black-templars-execrator-2-with-crozius-arcanum-and-absolvor-bolt-pistol/description/004.jpg
    saved data/images/black-templars-execrator-2-with-crozius-arcanum-and-absolvor-bolt-pistol/description/005.jpg
    saved data/images/black-templars-execrator-2-with-crozius-arcanum-and-absolvor-bolt-pistol/description/006.jpg
    saved data/images/black-templars-execrator-2-with-crozius-arcanum-and-absolvor-bolt-pistol/description/007.jpg
    saved data/images/black-templars-execrator-2-with-crozius-arcanum-and-absolvor-bolt-pistol/description/008.jpg
    saved data/images/black-templars-execrator-2-with-crozius-arcanum-and-absolvor-bolt-pistol/description/009.jpg
    saved data/images/black-templars-execrator-2-with-crozius-arcanum-and-absolvor-bolt-pistol/description/010.jpg
    saved data/images/black-templars-execrator-2-with-crozius-arcanum-and-absolvor-bolt-pistol/description/011.jpg
    saved data/images/black-templars-execrator-2-with-crozius-arcanum-and-absolvor-bolt-pistol/description/012.jpg
[7/565] scraping raven-guard-chapter-master-aethon-shaan-with-claws-of-severax
  downloading 17 images...
    saved data/images/raven-guard-chapter-master-aethon-shaan-with-claws-of-severax/001.jpg
    saved data/images/raven-guard-chapter-master-aethon-shaan-with-claws-of-severax/002.jpg
    saved data/images/raven-guard-chapter-master-aethon-shaan-with-claws-of-severax/003.jpg
    saved data/images/raven-guard-chapter-master-aethon-shaan-with-claws-of-severax/004.jpg
    saved data/images/raven-guard-chapter-master-aethon-shaan-with-claws-of-severax/005.jpg
    saved data/images/raven-guard-chapter-master-aethon-shaan-with-claws-of-severax/006.jpg
    saved data/images/raven-guard-chapter-master-aethon-shaan-with-claws-of-severax/description/001.jpg
    saved data/images/raven-guard-chapter-master-aethon-shaan-with-claws-of-severax/description/002.jpg
    saved data/images/raven-guard-chapter-master-aethon-shaan-with-claws-of-severax/description/003.jpg
    saved data/images/raven-guard-chapter-master-aethon-shaan-with-claws-of-severax/description/004.jpg
    saved data/images/raven-guard-chapter-master-aethon-shaan-with-claws-of-severax/description/005.jpg
    saved data/images/raven-guard-chapter-master-aethon-shaan-with-claws-of-severax/description/006.jpg
    saved data/images/raven-guard-chapter-master-aethon-shaan-with-claws-of-severax/description/007.jpg
    saved data/images/raven-guard-chapter-master-aethon-shaan-with-claws-of-severax/description/008.jpg
    saved data/images/raven-guard-chapter-master-aethon-shaan-with-claws-of-severax/description/009.jpg
    saved data/images/raven-guard-chapter-master-aethon-shaan-with-claws-of-severax/description/010.jpg
    saved data/images/raven-guard-chapter-master-aethon-shaan-with-claws-of-severax/description/011.jpg
[8/565] scraping black-legion-master-of-possession-with-staff-of-possession-and-bolt-pistol
  downloading 16 images...
    saved data/images/black-legion-master-of-possession-with-staff-of-possession-and-bolt-pistol/001.jpg
    saved data/images/black-legion-master-of-possession-with-staff-of-possession-and-bolt-pistol/002.jpg
    saved data/images/black-legion-master-of-possession-with-staff-of-possession-and-bolt-pistol/003.jpg
    saved data/images/black-legion-master-of-possession-with-staff-of-possession-and-bolt-pistol/004.jpg
    saved data/images/black-legion-master-of-possession-with-staff-of-possession-and-bolt-pistol/005.jpg
    saved data/images/black-legion-master-of-possession-with-staff-of-possession-and-bolt-pistol/006.jpg
    saved data/images/black-legion-master-of-possession-with-staff-of-possession-and-bolt-pistol/description/001.jpg
    saved data/images/black-legion-master-of-possession-with-staff-of-possession-and-bolt-pistol/description/002.jpg
    saved data/images/black-legion-master-of-possession-with-staff-of-possession-and-bolt-pistol/description/003.jpg
    saved data/images/black-legion-master-of-possession-with-staff-of-possession-and-bolt-pistol/description/004.jpg
    saved data/images/black-legion-master-of-possession-with-staff-of-possession-and-bolt-pistol/description/005.jpg
    saved data/images/black-legion-master-of-possession-with-staff-of-possession-and-bolt-pistol/description/006.jpg
    saved data/images/black-legion-master-of-possession-with-staff-of-possession-and-bolt-pistol/description/007.jpg
    saved data/images/black-legion-master-of-possession-with-staff-of-possession-and-bolt-pistol/description/008.jpg
    saved data/images/black-legion-master-of-possession-with-staff-of-possession-and-bolt-pistol/description/009.jpg
    saved data/images/black-legion-master-of-possession-with-staff-of-possession-and-bolt-pistol/description/010.jpg
[9/565] scraping black-templars-crusader-ancient-with-power-sword-and-bolt-pistol
  downloading 17 images...
    saved data/images/black-templars-crusader-ancient-with-power-sword-and-bolt-pistol/001.jpg
    saved data/images/black-templars-crusader-ancient-with-power-sword-and-bolt-pistol/002.jpg
    saved data/images/black-templars-crusader-ancient-with-power-sword-and-bolt-pistol/003.jpg
    saved data/images/black-templars-crusader-ancient-with-power-sword-and-bolt-pistol/004.jpg
    saved data/images/black-templars-crusader-ancient-with-power-sword-and-bolt-pistol/005.jpg
    saved data/images/black-templars-crusader-ancient-with-power-sword-and-bolt-pistol/006.jpg
    saved data/images/black-templars-crusader-ancient-with-power-sword-and-bolt-pistol/description/001.jpg
    saved data/images/black-templars-crusader-ancient-with-power-sword-and-bolt-pistol/description/002.jpg
    saved data/images/black-templars-crusader-ancient-with-power-sword-and-bolt-pistol/description/003.jpg
    saved data/images/black-templars-crusader-ancient-with-power-sword-and-bolt-pistol/description/004.jpg
    saved data/images/black-templars-crusader-ancient-with-power-sword-and-bolt-pistol/description/005.jpg
    saved data/images/black-templars-crusader-ancient-with-power-sword-and-bolt-pistol/description/006.jpg
    saved data/images/black-templars-crusader-ancient-with-power-sword-and-bolt-pistol/description/007.jpg
    saved data/images/black-templars-crusader-ancient-with-power-sword-and-bolt-pistol/description/008.jpg
    saved data/images/black-templars-crusader-ancient-with-power-sword-and-bolt-pistol/description/009.jpg
    saved data/images/black-templars-crusader-ancient-with-power-sword-and-bolt-pistol/description/010.jpg
    saved data/images/black-templars-crusader-ancient-with-power-sword-and-bolt-pistol/description/011.jpg
[10/565] scraping space-wolves-wolf-priest-with-absolvor-bolt-pistol-and-crozius
  downloading 17 images...
    saved data/images/space-wolves-wolf-priest-with-absolvor-bolt-pistol-and-crozius/001.jpg
    saved data/images/space-wolves-wolf-priest-with-absolvor-bolt-pistol-and-crozius/002.jpg
    saved data/images/space-wolves-wolf-priest-with-absolvor-bolt-pistol-and-crozius/003.jpg
    saved data/images/space-wolves-wolf-priest-with-absolvor-bolt-pistol-and-crozius/004.jpg
    saved data/images/space-wolves-wolf-priest-with-absolvor-bolt-pistol-and-crozius/005.jpg
    saved data/images/space-wolves-wolf-priest-with-absolvor-bolt-pistol-and-crozius/006.jpg
    saved data/images/space-wolves-wolf-priest-with-absolvor-bolt-pistol-and-crozius/description/001.jpg
    saved data/images/space-wolves-wolf-priest-with-absolvor-bolt-pistol-and-crozius/description/002.jpg
    saved data/images/space-wolves-wolf-priest-with-absolvor-bolt-pistol-and-crozius/description/003.jpg
    saved data/images/space-wolves-wolf-priest-with-absolvor-bolt-pistol-and-crozius/description/004.jpg
    saved data/images/space-wolves-wolf-priest-with-absolvor-bolt-pistol-and-crozius/description/005.jpg
    saved data/images/space-wolves-wolf-priest-with-absolvor-bolt-pistol-and-crozius/description/006.jpg
    saved data/images/space-wolves-wolf-priest-with-absolvor-bolt-pistol-and-crozius/description/007.jpg
    saved data/images/space-wolves-wolf-priest-with-absolvor-bolt-pistol-and-crozius/description/008.jpg
    saved data/images/space-wolves-wolf-priest-with-absolvor-bolt-pistol-and-crozius/description/009.jpg
    saved data/images/space-wolves-wolf-priest-with-absolvor-bolt-pistol-and-crozius/description/010.jpg
    saved data/images/space-wolves-wolf-priest-with-absolvor-bolt-pistol-and-crozius/description/011.jpg
[11/565] scraping night-lords-konrad-curze-primarch-of-the-night-lords-legion
  downloading 32 images...
    saved data/images/night-lords-konrad-curze-primarch-of-the-night-lords-legion/001.jpg
    saved data/images/night-lords-konrad-curze-primarch-of-the-night-lords-legion/002.jpg
    saved data/images/night-lords-konrad-curze-primarch-of-the-night-lords-legion/003.jpg
    saved data/images/night-lords-konrad-curze-primarch-of-the-night-lords-legion/004.jpg
    saved data/images/night-lords-konrad-curze-primarch-of-the-night-lords-legion/005.jpg
    saved data/images/night-lords-konrad-curze-primarch-of-the-night-lords-legion/006.jpg
    saved data/images/night-lords-konrad-curze-primarch-of-the-night-lords-legion/description/001.jpg
    saved data/images/night-lords-konrad-curze-primarch-of-the-night-lords-legion/description/002.jpg
    saved data/images/night-lords-konrad-curze-primarch-of-the-night-lords-legion/description/003.jpg
    saved data/images/night-lords-konrad-curze-primarch-of-the-night-lords-legion/description/004.jpg
    saved data/images/night-lords-konrad-curze-primarch-of-the-night-lords-legion/description/005.jpg
    saved data/images/night-lords-konrad-curze-primarch-of-the-night-lords-legion/description/006.jpg
    saved data/images/night-lords-konrad-curze-primarch-of-the-night-lords-legion/description/007.jpg
    saved data/images/night-lords-konrad-curze-primarch-of-the-night-lords-legion/description/008.jpg
    saved data/images/night-lords-konrad-curze-primarch-of-the-night-lords-legion/description/009.jpg
    saved data/images/night-lords-konrad-curze-primarch-of-the-night-lords-legion/description/010.jpg
    saved data/images/night-lords-konrad-curze-primarch-of-the-night-lords-legion/description/011.jpg
    saved data/images/night-lords-konrad-curze-primarch-of-the-night-lords-legion/description/012.jpg
    saved data/images/night-lords-konrad-curze-primarch-of-the-night-lords-legion/description/013.jpg
    saved data/images/night-lords-konrad-curze-primarch-of-the-night-lords-legion/description/014.jpg
    saved data/images/night-lords-konrad-curze-primarch-of-the-night-lords-legion/description/015.jpg
    saved data/images/night-lords-konrad-curze-primarch-of-the-night-lords-legion/description/016.jpg
    saved data/images/night-lords-konrad-curze-primarch-of-the-night-lords-legion/description/017.jpg
    saved data/images/night-lords-konrad-curze-primarch-of-the-night-lords-legion/description/018.jpg
    saved data/images/night-lords-konrad-curze-primarch-of-the-night-lords-legion/description/019.jpg
    saved data/images/night-lords-konrad-curze-primarch-of-the-night-lords-legion/description/020.jpg
    saved data/images/night-lords-konrad-curze-primarch-of-the-night-lords-legion/description/021.jpg
    saved data/images/night-lords-konrad-curze-primarch-of-the-night-lords-legion/description/022.jpg
    saved data/images/night-lords-konrad-curze-primarch-of-the-night-lords-legion/description/023.jpg
    saved data/images/night-lords-konrad-curze-primarch-of-the-night-lords-legion/description/024.jpg
    saved data/images/night-lords-konrad-curze-primarch-of-the-night-lords-legion/description/025.jpg
    saved data/images/night-lords-konrad-curze-primarch-of-the-night-lords-legion/description/026.jpg
[12/565] scraping night-lords-night-raptor-huntmaster
  downloading 15 images...
    saved data/images/night-lords-night-raptor-huntmaster/001.jpg
    saved data/images/night-lords-night-raptor-huntmaster/002.jpg
    saved data/images/night-lords-night-raptor-huntmaster/003.jpg
    saved data/images/night-lords-night-raptor-huntmaster/004.jpg
    saved data/images/night-lords-night-raptor-huntmaster/005.jpg
    saved data/images/night-lords-night-raptor-huntmaster/006.jpg
    saved data/images/night-lords-night-raptor-huntmaster/description/001.jpg
    saved data/images/night-lords-night-raptor-huntmaster/description/002.jpg
    saved data/images/night-lords-night-raptor-huntmaster/description/003.jpg
    saved data/images/night-lords-night-raptor-huntmaster/description/004.jpg
    saved data/images/night-lords-night-raptor-huntmaster/description/005.jpg
    saved data/images/night-lords-night-raptor-huntmaster/description/006.jpg
    saved data/images/night-lords-night-raptor-huntmaster/description/007.jpg
    saved data/images/night-lords-night-raptor-huntmaster/description/008.jpg
    saved data/images/night-lords-night-raptor-huntmaster/description/009.jpg
[13/565] scraping night-lords-night-raptor-1
  downloading 16 images...
    saved data/images/night-lords-night-raptor-1/001.jpg
    saved data/images/night-lords-night-raptor-1/002.jpg
    saved data/images/night-lords-night-raptor-1/003.jpg
    saved data/images/night-lords-night-raptor-1/004.jpg
    saved data/images/night-lords-night-raptor-1/005.jpg
    saved data/images/night-lords-night-raptor-1/006.jpg
    saved data/images/night-lords-night-raptor-1/description/001.jpg
    saved data/images/night-lords-night-raptor-1/description/002.jpg
    saved data/images/night-lords-night-raptor-1/description/003.jpg
    saved data/images/night-lords-night-raptor-1/description/004.jpg
    saved data/images/night-lords-night-raptor-1/description/005.jpg
    saved data/images/night-lords-night-raptor-1/description/006.jpg
    saved data/images/night-lords-night-raptor-1/description/007.jpg
    saved data/images/night-lords-night-raptor-1/description/008.jpg
    saved data/images/night-lords-night-raptor-1/description/009.jpg
    saved data/images/night-lords-night-raptor-1/description/010.jpg
[14/565] scraping night-lords-night-raptor-2
  downloading 16 images...
    saved data/images/night-lords-night-raptor-2/001.jpg
    saved data/images/night-lords-night-raptor-2/002.jpg
    saved data/images/night-lords-night-raptor-2/003.jpg
    saved data/images/night-lords-night-raptor-2/004.jpg
    saved data/images/night-lords-night-raptor-2/005.jpg
    saved data/images/night-lords-night-raptor-2/006.jpg
    saved data/images/night-lords-night-raptor-2/description/001.jpg
    saved data/images/night-lords-night-raptor-2/description/002.jpg
    saved data/images/night-lords-night-raptor-2/description/003.jpg
    saved data/images/night-lords-night-raptor-2/description/004.jpg
    saved data/images/night-lords-night-raptor-2/description/005.jpg
    saved data/images/night-lords-night-raptor-2/description/006.jpg
    saved data/images/night-lords-night-raptor-2/description/007.jpg
    saved data/images/night-lords-night-raptor-2/description/008.jpg
    saved data/images/night-lords-night-raptor-2/description/009.jpg
    saved data/images/night-lords-night-raptor-2/description/010.jpg
[15/565] scraping night-lords-naight-raptor-3
  downloading 14 images...
    saved data/images/night-lords-naight-raptor-3/001.jpg
    saved data/images/night-lords-naight-raptor-3/002.jpg
    saved data/images/night-lords-naight-raptor-3/003.jpg
    saved data/images/night-lords-naight-raptor-3/004.jpg
    saved data/images/night-lords-naight-raptor-3/005.jpg
    saved data/images/night-lords-naight-raptor-3/006.jpg
    saved data/images/night-lords-naight-raptor-3/description/001.jpg
    saved data/images/night-lords-naight-raptor-3/description/002.jpg
    saved data/images/night-lords-naight-raptor-3/description/003.jpg
    saved data/images/night-lords-naight-raptor-3/description/004.jpg
    saved data/images/night-lords-naight-raptor-3/description/005.jpg
    saved data/images/night-lords-naight-raptor-3/description/006.jpg
    saved data/images/night-lords-naight-raptor-3/description/007.jpg
    saved data/images/night-lords-naight-raptor-3/description/008.jpg
[16/565] scraping salamanders-firedrake-terminator-1-with-thunder-hammer-and-dragonscale-storm-shield
  downloading 14 images...
    saved data/images/salamanders-firedrake-terminator-1-with-thunder-hammer-and-dragonscale-storm-shield/001.jpg
    saved data/images/salamanders-firedrake-terminator-1-with-thunder-hammer-and-dragonscale-storm-shield/002.jpg
    saved data/images/salamanders-firedrake-terminator-1-with-thunder-hammer-and-dragonscale-storm-shield/003.jpg
    saved data/images/salamanders-firedrake-terminator-1-with-thunder-hammer-and-dragonscale-storm-shield/004.jpg
    saved data/images/salamanders-firedrake-terminator-1-with-thunder-hammer-and-dragonscale-storm-shield/005.jpg
    saved data/images/salamanders-firedrake-terminator-1-with-thunder-hammer-and-dragonscale-storm-shield/006.jpg
    saved data/images/salamanders-firedrake-terminator-1-with-thunder-hammer-and-dragonscale-storm-shield/description/001.jpg
    saved data/images/salamanders-firedrake-terminator-1-with-thunder-hammer-and-dragonscale-storm-shield/description/002.jpg
    saved data/images/salamanders-firedrake-terminator-1-with-thunder-hammer-and-dragonscale-storm-shield/description/003.jpg
    saved data/images/salamanders-firedrake-terminator-1-with-thunder-hammer-and-dragonscale-storm-shield/description/004.jpg
    saved data/images/salamanders-firedrake-terminator-1-with-thunder-hammer-and-dragonscale-storm-shield/description/005.jpg
    saved data/images/salamanders-firedrake-terminator-1-with-thunder-hammer-and-dragonscale-storm-shield/description/006.jpg
    saved data/images/salamanders-firedrake-terminator-1-with-thunder-hammer-and-dragonscale-storm-shield/description/007.jpg
    saved data/images/salamanders-firedrake-terminator-1-with-thunder-hammer-and-dragonscale-storm-shield/description/008.jpg
[17/565] scraping salamanders-firedrake-terminator-2-with-thunder-hammer-and-dragonscale-storm-shield
  downloading 15 images...
    saved data/images/salamanders-firedrake-terminator-2-with-thunder-hammer-and-dragonscale-storm-shield/001.jpg
    saved data/images/salamanders-firedrake-terminator-2-with-thunder-hammer-and-dragonscale-storm-shield/002.jpg
    saved data/images/salamanders-firedrake-terminator-2-with-thunder-hammer-and-dragonscale-storm-shield/003.jpg
    saved data/images/salamanders-firedrake-terminator-2-with-thunder-hammer-and-dragonscale-storm-shield/004.jpg
    saved data/images/salamanders-firedrake-terminator-2-with-thunder-hammer-and-dragonscale-storm-shield/005.jpg
    saved data/images/salamanders-firedrake-terminator-2-with-thunder-hammer-and-dragonscale-storm-shield/006.jpg
    saved data/images/salamanders-firedrake-terminator-2-with-thunder-hammer-and-dragonscale-storm-shield/description/001.jpg
    saved data/images/salamanders-firedrake-terminator-2-with-thunder-hammer-and-dragonscale-storm-shield/description/002.jpg
    saved data/images/salamanders-firedrake-terminator-2-with-thunder-hammer-and-dragonscale-storm-shield/description/003.jpg
    saved data/images/salamanders-firedrake-terminator-2-with-thunder-hammer-and-dragonscale-storm-shield/description/004.jpg
    saved data/images/salamanders-firedrake-terminator-2-with-thunder-hammer-and-dragonscale-storm-shield/description/005.jpg
    saved data/images/salamanders-firedrake-terminator-2-with-thunder-hammer-and-dragonscale-storm-shield/description/006.jpg
    saved data/images/salamanders-firedrake-terminator-2-with-thunder-hammer-and-dragonscale-storm-shield/description/007.jpg
    saved data/images/salamanders-firedrake-terminator-2-with-thunder-hammer-and-dragonscale-storm-shield/description/008.jpg
    saved data/images/salamanders-firedrake-terminator-2-with-thunder-hammer-and-dragonscale-storm-shield/description/009.jpg
[18/565] scraping salamanders-mkvi-tactical-legionary
  downloading 18 images...
    saved data/images/salamanders-mkvi-tactical-legionary/001.jpg
    saved data/images/salamanders-mkvi-tactical-legionary/002.jpg
    saved data/images/salamanders-mkvi-tactical-legionary/003.jpg
    saved data/images/salamanders-mkvi-tactical-legionary/004.jpg
    saved data/images/salamanders-mkvi-tactical-legionary/005.jpg
    saved data/images/salamanders-mkvi-tactical-legionary/006.jpg
    saved data/images/salamanders-mkvi-tactical-legionary/description/001.jpg
    saved data/images/salamanders-mkvi-tactical-legionary/description/002.jpg
    saved data/images/salamanders-mkvi-tactical-legionary/description/003.jpg
    saved data/images/salamanders-mkvi-tactical-legionary/description/004.jpg
    saved data/images/salamanders-mkvi-tactical-legionary/description/005.jpg
    saved data/images/salamanders-mkvi-tactical-legionary/description/006.jpg
    saved data/images/salamanders-mkvi-tactical-legionary/description/007.jpg
    saved data/images/salamanders-mkvi-tactical-legionary/description/008.jpg
    saved data/images/salamanders-mkvi-tactical-legionary/description/009.jpg
    saved data/images/salamanders-mkvi-tactical-legionary/description/010.jpg
    saved data/images/salamanders-mkvi-tactical-legionary/description/011.jpg
    saved data/images/salamanders-mkvi-tactical-legionary/description/012.jpg
[19/565] scraping salamanders-mk-ill-tactical-legionary-with-plasma-pistol-and-bolt-pistol
  downloading 15 images...
    saved data/images/salamanders-mk-ill-tactical-legionary-with-plasma-pistol-and-bolt-pistol/001.jpg
    saved data/images/salamanders-mk-ill-tactical-legionary-with-plasma-pistol-and-bolt-pistol/002.jpg
    saved data/images/salamanders-mk-ill-tactical-legionary-with-plasma-pistol-and-bolt-pistol/003.jpg
    saved data/images/salamanders-mk-ill-tactical-legionary-with-plasma-pistol-and-bolt-pistol/004.jpg
    saved data/images/salamanders-mk-ill-tactical-legionary-with-plasma-pistol-and-bolt-pistol/005.jpg
    saved data/images/salamanders-mk-ill-tactical-legionary-with-plasma-pistol-and-bolt-pistol/006.jpg
    saved data/images/salamanders-mk-ill-tactical-legionary-with-plasma-pistol-and-bolt-pistol/description/001.jpg
    saved data/images/salamanders-mk-ill-tactical-legionary-with-plasma-pistol-and-bolt-pistol/description/002.jpg
    saved data/images/salamanders-mk-ill-tactical-legionary-with-plasma-pistol-and-bolt-pistol/description/003.jpg
    saved data/images/salamanders-mk-ill-tactical-legionary-with-plasma-pistol-and-bolt-pistol/description/004.jpg
    saved data/images/salamanders-mk-ill-tactical-legionary-with-plasma-pistol-and-bolt-pistol/description/005.jpg
    saved data/images/salamanders-mk-ill-tactical-legionary-with-plasma-pistol-and-bolt-pistol/description/006.jpg
    saved data/images/salamanders-mk-ill-tactical-legionary-with-plasma-pistol-and-bolt-pistol/description/007.jpg
    saved data/images/salamanders-mk-ill-tactical-legionary-with-plasma-pistol-and-bolt-pistol/description/008.jpg
    saved data/images/salamanders-mk-ill-tactical-legionary-with-plasma-pistol-and-bolt-pistol/description/009.jpg
[20/565] skip kof98um-art-of-fighting-team (cached)
[21/565] skip night-lords-sevatar,-first-captain-of-the-night-lords-the-prince-of-crows (cached)
[22/565] skip night-lords-legion-praetor-in-tartaros-terminator-armour-1 (cached)
[23/565] skip night-lords-legion-praetor-in-tartaros-terminator-armour (cached)
[24/565] skip night-lords-contekar-terminator-dissident (cached)
[25/565] skip night-lords-contekar-terminator-1 (cached)
[26/565] skip night-lords-contekar-terminator-2 (cached)
[27/565] skip night-lords-mkvi-tactical-legionary (cached)
[28/565] skip night-lords-mk-iii-tactical-legionary-with-bolter-and-bolt-pistol (cached)
[29/565] skip world-eaters-angron-daemon-primarch-of-khorne (cached)
[30/565] skip space-wolves-leman-russ (cached)
[31/565] skip mortarion,daemon-primarch-of-nurgle-with-ancient-weapons-the-lantern-and-silence (cached)
[32/565] skip raven-guard-corvus-corax,primarch-of-the-xix-legion-with-artificer-crafted-lightning-talons,archaeotech-pistols,and-whip (cached)
[33/565] skip blood-angels-sanguinius-primarch-of-the-ixth-legion (cached)
[34/565] skip dark-angels-primarch-lion-eljonson (cached)
[35/565] skip alpha-legion-alpharius-primarch-of-the-xxth-legion (cached)
[36/565] skip warmaster-horus-primarch-of-the-xvith-legion (cached)
[37/565] skip white-scars-jaghatai-khan-primarch-of-the-vth-legion (cached)
[38/565] skip iron-warriors-perturabo,primarch-of-the-ivth-legion (cached)
[39/565] skip ultramarines-primarch-roboute-guilliman (cached)
[40/565] skip thousand-sons-magnus-the-red (cached)
[41/565] skip imperial-fists-rogal-dorn (cached)
[42/565] skip iron-warriors-centurion-with-heavy-power-maul-and-combi-melta (cached)
[43/565] skip iron-warriors-mkll-assault-sergeant-with-disintegrator-pistol,power-maul-combat-shield (cached)
[44/565] skip iron-warriors-mkll-assault-legionary-1-with-bolt-pistol,chain-axe-combat-shield (cached)
[45/565] skip iron-warriors-mkll-assault-legionary-2-with-bolt-pistol-heavy-chain-axe (cached)
[46/565] skip iron-warriors-mkll-tactical-sergeant-with-power-sword,bolt-pistol-and-plasma-pistol (cached)
[47/565] skip iron-warriors-mkll-legionary-1-with-vexilla,bolter-and-bolt-pistol (cached)
[48/565] skip iron-warriors-mkll-legionary-2-with-bolter-and-bolt-pistol (cached)
[49/565] skip iron-warriors-mkll-legionary-3-with-bolter-and-bolt-pistol (cached)
[50/565] skip salamanders-vulkan-hestan,the-forgefather (cached)
[51/565] skip game-edition-ultramarines-assault-intercessor (cached)
[52/565] skip game-edition-white-scars-assault-intercessor-champion (cached)
[53/565] skip ultramarines-captain-with-jump-pack-and-relic-shield (cached)
[54/565] skip imperial-fists-lord-castellan-evander-garrius-the-tyrant-of-cthonia (cached)
[55/565] skip imperial-fists-legion-praetor-in-mk-iii-armour (cached)
[56/565] skip sons-of-horus-maloghurst-the-twisted-the-warmasters-equerry (cached)
[57/565] skip raven-guard-kaedes-nex-the-blood-crow (cached)
[58/565] skip sons-of-horus-legion-praetor-with-power-axe (cached)
[59/565] skip adepta-sororitas-battle-sister-sister-ludwenna (cached)
[60/565] skip adepta-sororitas-battle-sister-sister-jurel (cached)
[61/565] skip adepta-sororitas-battle-sister-sister-superior-kassia (cached)
[62/565] skip adepta-sororitas-battle-sister-sister-noyalle (cached)
[63/565] skip adepta-sororitas-lmagifier-sister-saelon (cached)
[64/565] skip grey-knights-terminator-incanus-neodan (cached)
[65/565] skip grey-knights-terminator-retius-akantar (cached)
[66/565] skip grey-knights-castellan-crowe (cached)
[67/565] skip grey-knights-terminator-jaric-thule (cached)
[68/565] skip grey-knights-terminator-caddon-vibova (cached)
[69/565] skip death-korps-of-krieg-veteran-squad-guardsman-medic (cached)
[70/565] skip death-korps-of-krieg-veteran-squad-guardsman-1 (cached)
[71/565] skip death-korps-of-krieg-veteran-squad-sergeant (cached)
[72/565] skip death-korps-of-krieg-veteran-squad-guardsman-demolitions-specialist (cached)
[73/565] skip death-korps-of-krieg-veteran-squad-guardsman (cached)
[74/565] skip death-korps-of-krieg-veteran-squad-guardsman-communications-specialist (cached)
[75/565] skip ultramarines-redemptor-dreadnought-brother-dreadnought-tyleas (cached)
[76/565] skip blood-angels-furioso-dreadnought-brother-samel (cached)
[77/565] skip ultramarines-primaris-chaplain-brother-varus (cached)
[78/565] skip white-scars-raider-pattern-combat-bike (cached)
[79/565] skip ultramarines-primaris-captain-with-relic-shield-and-power-sword (cached)
[80/565] skip black-templars-high-marshal-helbrecht (cached)
[81/565] skip raven-guard-chapter-master-kayvaan-shrike (cached)
[82/565] skip dark-angels-supreme-grand-master-azrael (cached)
[83/565] skip blood-angels-commander-dante (cached)
[84/565] skip ultramarines-apothecary-biologis (cached)
[85/565] skip ultramarines-invictarus-suzerain-squad (cached)
[86/565] skip ultramarines-predator-destructor-with-turret-mounted-autocannon-and-sponson-mounted-heavy-bolters (cached)
[87/565] skip ultramarines-intercessor-with-bolt-rifle,-bolt-pistol-and-chainsword (cached)
[88/565] skip blood-angels-intercessor-with-bolt-rifle,-bolt-pistol-and-chainsword (cached)
[89/565] skip iron-hands-intercessor-with-bolt-rifle,-bolt-pistol-and-chainsword (cached)
[90/565] skip imperial-fists-intercessor-with-bolt-rifle,-bolt-pistol-and-chainsword (cached)
[91/565] skip space-wolves-intercessor-with-bolt-rifle,-bolt-pistol-and-chainsword (cached)
[92/565] skip dark-angels-intercessor-with-bolt-rifle,-bolt-pistol-and-chainsword (cached)
[93/565] skip salamanders-intercessor-with-bolt-rifle,-bolt-pistol-and-chainsword (cached)
[94/565] skip white-scars-intercessor-with-bolt-rifle,-bolt-pistol-and-chainsword (cached)
[95/565] skip raven-guard-intercessor-with-bolt-rifle,-bolt-pistol-and-chainsword (cached)
[96/565] skip black-templars-intercessor-with-bolt-rifle,-bolt-pistol-and-chainsword (cached)
[97/565] skip death-guard-tallyman-with-plasma-pistol (cached)
[98/565] skip death-guard-biologus-putrifier-with-injector-pistol-and-hyper-blight-grenades (cached)
[99/565] skip lron-warriors-warsmith-with-graviton-crusher-hammer (cached)
[100/565] skip iron-warriors-legion-praevian-with-bolt-pistol (cached)
[101/565] skip sons-of-horus-vheren-ashurhaddon-master-of-the-true-sons-with-the-axe-serpentis (cached)
[102/565] skip sons-of-horus-dark-emissary-consul-with-staff-of-dark-authority (cached)
[103/565] skip raven-guard-contemptor-dreadnought-with-gravis-autocannon-and-chainfist (cached)
[104/565] skip raven-guard-dark-fury,-chooser-of-the-slain-with-ravens-talon-claws (cached)
[105/565] skip raven-guard-dark-fury-with-lightning-claws (cached)
[106/565] skip raven-guard-mor-deythan-shade-with-nemesis-bolt-rifle (cached)
[107/565] skip raven-guard-mor-deythan-with-nemesis-bolt-rifle (cached)
[108/565] skip raven-guard-mkvl-tactical-sergeant-with-power-sword,-bolter-and-plasma-pistol (cached)
[109/565] skip raven-guard-mk-ill-tactical-legionary-with-bolter-and-bolt-pistol (cached)
[110/565] skip game-edition-black-templars-heavy-intercessor-with-heavy-bolt-rifle-and-bolt-pistol (cached)
[111/565] skip game-edition-iron-hands-heavy-intercessor-with-heavy-bolt-rifle-and-bolt-pistol (cached)
[112/565] skip game-edition-raven-guard-heavy-intercessor-with-heavy-bolt-rifle-and-bolt-pistol (cached)
[113/565] skip game-edition-white-scars-heavy-intercessor-with-heavy-bolt-rifle-and-bolt-pistol (cached)
[114/565] skip game-edition-dark-angels-heavy-intercessor-with-heavy-bolt-rifle-and-bolt-pistol (cached)
[115/565] skip game-edition-salamanders-heavy-intercessor-with-heavy-bolt-rifle-and-bolt-pistol (cached)
[116/565] skip game-edition-blood-angels-heavy-intercessor-with-heavy-bolt-rifle-and-bolt-pistol (cached)
[117/565] skip game-edition-imperial-fists-heavy-intercessor-with-heavy-bolt-rifle-and-bolt-pistol (cached)
[118/565] skip game-edition-space-wolves-heavy-intercessor-with-heavy-bolt-rifle-and-bolt-pistol (cached)
[119/565] skip game-edition-ultramarines-heavy-intercessor-with-heavy-bolt-rifle-and-bolt-pistol (cached)
[120/565] skip white-scars-mkx-helmet-display-stand (cached)
[121/565] skip white-scars-mkx-helmet (cached)
  downloading 22 images...
    failed image https://img.joytoy.com/u_file/2603/25/photo/White-Scars-MkX-Helmet-1.jpg?x-oss-process=image/quality,q_100: 404 Client Error: Not Found for url: https://img.joytoy.com/u_file/2603/25/photo/White-Scars-MkX-Helmet-1.jpg?x-oss-process=image/quality,q_100
    failed image https://img.joytoy.com/u_file/2603/25/photo/White-Scars-MkX-Helmet-2.jpg?x-oss-process=image/quality,q_100: 404 Client Error: Not Found for url: https://img.joytoy.com/u_file/2603/25/photo/White-Scars-MkX-Helmet-2.jpg?x-oss-process=image/quality,q_100
    failed image https://img.joytoy.com/u_file/2603/25/photo/White-Scars-MkX-Helmet-3.jpg?x-oss-process=image/quality,q_100: 404 Client Error: Not Found for url: https://img.joytoy.com/u_file/2603/25/photo/White-Scars-MkX-Helmet-3.jpg?x-oss-process=image/quality,q_100
    failed image https://img.joytoy.com/u_file/2603/25/photo/White-Scars-MkX-Helmet-4.jpg?x-oss-process=image/quality,q_100: 404 Client Error: Not Found for url: https://img.joytoy.com/u_file/2603/25/photo/White-Scars-MkX-Helmet-4.jpg?x-oss-process=image/quality,q_100
    failed image https://img.joytoy.com/u_file/2603/25/photo/White-Scars-MkX-Helmet-5.jpg?x-oss-process=image/quality,q_100: 404 Client Error: Not Found for url: https://img.joytoy.com/u_file/2603/25/photo/White-Scars-MkX-Helmet-5.jpg?x-oss-process=image/quality,q_100
    failed image https://img.joytoy.com/u_file/2603/25/photo/White-Scars-MkX-Helmet-6.jpg?x-oss-process=image/quality,q_100: 404 Client Error: Not Found for url: https://img.joytoy.com/u_file/2603/25/photo/White-Scars-MkX-Helmet-6.jpg?x-oss-process=image/quality,q_100
    failed image https://img.joytoy.com/u_file/2603/25/photo/White-Scars-MkX-Helmet7.jpg?x-oss-process=image/quality,q_100: 404 Client Error: Not Found for url: https://img.joytoy.com/u_file/2603/25/photo/White-Scars-MkX-Helmet7.jpg?x-oss-process=image/quality,q_100
    failed image https://img.joytoy.com/u_file/2603/25/photo/White-Scars-MkX-Helmet-8.jpg?x-oss-process=image/quality,q_100: 404 Client Error: Not Found for url: https://img.joytoy.com/u_file/2603/25/photo/White-Scars-MkX-Helmet-8.jpg?x-oss-process=image/quality,q_100
    failed image https://img.joytoy.com/u_file/2603/25/photo/White-Scars-MkX-Helmet-9.jpg?x-oss-process=image/quality,q_100: 404 Client Error: Not Found for url: https://img.joytoy.com/u_file/2603/25/photo/White-Scars-MkX-Helmet-9.jpg?x-oss-process=image/quality,q_100
    failed image https://img.joytoy.com/u_file/2603/25/photo/White-Scars-MkX-Helmet-10.jpg?x-oss-process=image/quality,q_100: 404 Client Error: Not Found for url: https://img.joytoy.com/u_file/2603/25/photo/White-Scars-MkX-Helmet-10.jpg?x-oss-process=image/quality,q_100
    failed image https://img.joytoy.com/u_file/2603/25/photo/White-Scars-MkX-Helmet-11.jpg?x-oss-process=image/quality,q_100: 404 Client Error: Not Found for url: https://img.joytoy.com/u_file/2603/25/photo/White-Scars-MkX-Helmet-11.jpg?x-oss-process=image/quality,q_100
    failed image https://img.joytoy.com/u_file/2603/25/photo/White-Scars-MkX-Helmet-12.jpg?x-oss-process=image/quality,q_100: 404 Client Error: Not Found for url: https://img.joytoy.com/u_file/2603/25/photo/White-Scars-MkX-Helmet-12.jpg?x-oss-process=image/quality,q_100
    failed image https://img.joytoy.com/u_file/2603/25/photo/White-Scars-MkX-Helmet-13.jpg?x-oss-process=image/quality,q_100: 404 Client Error: Not Found for url: https://img.joytoy.com/u_file/2603/25/photo/White-Scars-MkX-Helmet-13.jpg?x-oss-process=image/quality,q_100
    failed image https://img.joytoy.com/u_file/2603/25/photo/White-Scars-MkX-Helmet-14.jpg?x-oss-process=image/quality,q_100: 404 Client Error: Not Found for url: https://img.joytoy.com/u_file/2603/25/photo/White-Scars-MkX-Helmet-14.jpg?x-oss-process=image/quality,q_100
[122/565] skip white-scars-contemptor-dreadnought-with-melta-cannon-and-gravis-power-fist (cached)
[123/565] skip white-scars-qin-xa-master-of-the-keshig-with-paired-bladesthetails-of-the-dragon (cached)
[124/565] skip white-scars-hibou-khan,seeker-of-atonement,with-power-swordthe-breath-of-the-storm (cached)
[125/565] skip ultramarines-captain-mkx-helmet-display-stand (cached)
[126/565] skip ultramarines-captain-mkx-helmet (cached)
[127/565] skip space-wolves-raider-pattern-combat-bike-with-twin-linked-bolt-rifles (cached)
[128/565] skip blood-angels-raider-pattern-combat-bike-with-twin-linked-bolt-rifles (cached)
[129/565] skip raven-guard-raider-pattern-combat-bike-with-twin-linked-bolt-rifles (cached)
[130/565] skip death-guard-plague-marine-with-bubotic-axe-and-plague-knife (cached)
[131/565] skip death-guard-plague-marine-champion-with-plasma-pistol-and-power-fist (cached)
[132/565] skip sons-of-horus-tybalt-marr-captain-of-the-18th-company (cached)
[133/565] skip sons-of-horus-siege-breaker (cached)
[134/565] skip white-scars-legion-praetor-in-cataphractii-terminator-armour-with-cyber-hawk,-chogorian-sword-and-combi-melta (cached)
[135/565] skip white-scars-stormseer-consul-with-force-staff-and-bolt-pistol (cached)
[136/565] skip raven-guard-terminator-squad (cached)
[137/565] skip salamanders-terminator-squad (cached)
[138/565] skip white-scars-terminator-squad-1 (cached)
[139/565] skip imperial-fists-terminator-squad (cached)
[140/565] skip dark-angels-terminator-squad (cached)
[141/565] skip black-templars-terminator-squad (cached)
[142/565] skip mkvi-tactical-legion-squad (cached)
[143/565] skip imperial-fist-mkvi-tactical-legionary (cached)
[144/565] skip alpha-legion-mkvi-tactical-legionary (cached)
[145/565] skip thousand-sons-mkvi-tactical-legionary (cached)
[146/565] skip space-wolves-mkvi-tactical-legionary (cached)
[147/565] skip blood-angels-mkvi-tactical-legionary (cached)
[148/565] skip sons-of-horus-mkvi-tactical-legionary (cached)
[149/565] skip ultramarines-mkvi-tactical-legionary (cached)
[150/565] skip white-scars-mkvi-tactical-legionary (cached)
[151/565] skip white-scars-mkill-tactical-legionary (cached)
[152/565] skip imperial-fists-librarian-consul-with-force-axe-and-bolt-pistol (cached)
[153/565] skip imperial-fists-legion-praetor-in-tartaros-terminator-armour-with-power-sword-and-vigil-storm-shield (cached)
[154/565] skip white-scars-terminator-squad (cached)
[155/565] skip death-guard-lord-of-virulence-with-power-fist-and-twin-plague-spewer (cached)
[156/565] skip death-guard-foul-blightspawn-with-plague-sprayer (cached)
[157/565] skip black-legion-abaddon-the-despoiler-with-drachnyen-and-the-talon-of-horus (cached)
[158/565] skip death-guard-plague-marine-lcon-bearer-with-boltgun-and-plague-knife (cached)
[159/565] skip death-guard-blightlord-terminator-squad (cached)
[160/565] skip ultramarinestitus-with-laurels-of-victory (cached)
[161/565] skip ultramarines-torvald-with-power-sword,stormshield-and-bolt-pistol (cached)
[162/565] skip ultramarines-levantus-with-power-sword,stormshield-and-bolt-pistol (cached)
[163/565] skip ultramarines-metaurus-with-power-axe,-stormshield-and-plasma-pistol (cached)
[164/565] skip dark-angles-mkx-helmet-display-stand (cached)
[165/565] skip dark-angels-mkx-helmet (cached)
[166/565] skip thousand-sons-mk-iii-tactical-legionary (cached)
[167/565] skip sons-of-horus-mk-iii-tactical-legionary (cached)
[168/565] skip alpha-legion-mk-iii-tactical-legionary (cached)
[169/565] skip ultramarines-mk-iii-tactical-legionary (cached)
[170/565] skip space-wolves-mk-iii-tactical-legionary (cached)
[171/565] skip blood-angels-mk-iii-tactical-legionary (cached)
[172/565] skip iron-warriors-iron-circle-domitar-ferrum-class-battle-automata-with-karceri-battle-shield-and-graviton-crusher (cached)
[173/565] skip ultramarines-relic-primus-armour-with-plasma-pistol-and-combat-blade (cached)
[174/565] skip ultramarines-heavy-artificer-armor-with-relic-multi-melta (cached)
[175/565] skip imperial-fists-leviathan-dreadnought-with-cyclonic-melta-lance-and-storm-cannon (cached)
[176/565] skip blood-angels-the-sanguinor-with-encarmine-broadsword (cached)
[177/565] skip ultramarines-heavy-relic-primus-armor-with-heavy-relic-bolt-rifle (cached)
[178/565] skip blood-angels-lemartes-with-jump-pack,-blood-crozius-and-absolver-bolt-pistol (cached)
[179/565] skip blood-angels-sanguinary-priest-with-heavy-bolt-pistol,-chainsword-and-narthecium (cached)
[180/565] skip sons-of-horus-‘little’-horus-aximand,captain-of-the-5th-company (cached)
[181/565] skip death-guard-deathshroud-terminators (cached)
[182/565] skip death-guard-deathshroud-terminators-champion-with-manreaper-and-plaguespurter-gauntlets (cached)
[183/565] skip death-guard-deathshroud-terminator-2-with-manreaper-and-plaguespurter-gauntlet (cached)
[184/565] skip death-guard-deathshroud-terminator-1-with-manreaper-and-plaguespurter-gauntlet (cached)
[185/565] skip space-wolves-geigor-fell-hand (cached)
[186/565] skip dark-angels-deathwing-knight-squad-1 (cached)
[187/565] skip imperial-fists-legion-apothecary (cached)
[188/565] skip sons-of-horus-legion-cataphractii-praetor-with-combi-melta-and-power-maul (cached)
[189/565] skip sons-of-horus-legion-champion (cached)
[190/565] skip sons-of-horus-legion-apothecary (cached)
[191/565] skip dark-angels-belial,-grand-master-of-the-deathwing-with-the-sword-of-silence-and-storm-bolter (cached)
[192/565] skip chaos-space-marines-cypher,lord-of-the-fallen (cached)
[193/565] skip blood-angels-sanguinary-guard-1 (cached)
[194/565] skip sons-of-horus-justaerin-terminator-squad (cached)
[195/565] skip blood-angels-captain-with-heavy-bolt-pistol-power-sword (cached)
[196/565] skip ultramarines-razorback-with-twin-lascannon (cached)
[197/565] skip alpha-legion-exodus-the-one-who-is-many-with-sniper-rifle-and-power-dagger (cached)
  downloading 18 images...
    failed image https://img.joytoy.com/u_file/2507/17/photo/262A1433.jpg?x-oss-process=image/quality,q_100: 404 Client Error: Not Found for url: https://img.joytoy.com/u_file/2507/17/photo/262A1433.jpg?x-oss-process=image/quality,q_100
[198/565] skip alpha-legion-legion-praetor-in-cataphractii-terminator-armour (cached)
[199/565] skip alpha-legion-lernaean-terminator-with-conversion-beam-cannon (cached)
[200/565] skip alpha-legion-lernaean-terminator-with-volkite-charger (cached)
[201/565] skip alpha-legion-headhunter-with-banestrike-combi-bolter-and-power-dagger (cached)
[202/565] skip alpha-legion-headhunter-prime (cached)
[203/565] skip ultramarines-marneus-calgar-chapter-master-with-mkx-gravis-armour-and-gauntlets-of-ultramar (cached)
[204/565] skip ultramarines-victrix-honour-guard-with-storm-shield-and-power-sword (cached)
[205/565] skip ultramarines-lieutenant-titus-mkx-helmet-display-stand (cached)
[206/565] skip ultramarines-lieutenant-titus-mkx-helmet (cached)
[207/565] skip iron-warriors-mkvl-tactical-sergeant-with-power-sword-and-plasma-pistol (cached)
[208/565] skip iron-warriors-command-squad-chosen-with-legion-standard (cached)
[209/565] skip imperial-knights-house-raven-knight-errant (cached)
[210/565] skip ultramarines-relic-secundus-armour-with-artificer-bolt-rifle-chainsword-and-bolt-pistol (cached)
[211/565] skip blood-angels-predator-annihilator-with-twin-lascannons (cached)
[212/565] skip iron-warriors-tyrant-siege-terminator-squad (cached)
[213/565] skip iron-warriors-mklll-tactical-squad (cached)
[214/565] skip ultramarines-legion-praetor-with-power-sword-and-volkite-serpenta (cached)
[215/565] skip ultramarines-sergeant-gadriel-collectors-edition (cached)
[216/565] skip ultramarines-remus-ventanus (cached)
[217/565] skip ultramarines-brother-chairon-collectors-edition (cached)
[218/565] skip imperial-knights-house-terryn-knight-paladin (cached)
[219/565] skip imperial-fists-mklli-tacticallegionaries (cached)
[220/565] skip space-marines-intercessor-armouring-hall-edition (cached)
[221/565] skip legio-custodes-constantin-valdor-captain-general-of-the-legio-custodes (cached)
[222/565] skip alpha-legion-contemptor-dreadnought-with-gravis-plasma-cannon (cached)
[223/565] skip grey-knights-interceptor-squad (cached)
[224/565] skip alpha-legion-harrowmaster-armillus-dynat (cached)
[225/565] skip alpha-legion-saboteur-consul (cached)
[226/565] skip alpha-legion-legion-praetor-with-power-sword (cached)
[227/565] skip blood-angels-dominion-zephon (cached)
[228/565] skip stormcast-eternalsthe-blacktalons (cached)
[229/565] skip black-templars-primaris-sword-brethren (cached)
[230/565] skip chaos-space-marines-black-legion-chosen (cached)
[231/565] skip sisters-of-silence-argent-lynx-vigilator-cadre (cached)
[232/565] skip ultramarines-judiciar (cached)
  downloading 16 images...
    failed image https://img.joytoy.com/u_file/2311/10/photo/40k.jpg?x-oss-process=image/quality,q_100: 404 Client Error: Not Found for url: https://img.joytoy.com/u_file/2311/10/photo/40k.jpg?x-oss-process=image/quality,q_100
[233/565] skip sisters-of-silence-white-falcons-vigilator-cadre (cached)
[234/565] skip ultramarines-chaplainindomitus (cached)
  downloading 16 images...
    failed image https://img.joytoy.com/u_file/2311/10/photo/40k.jpg?x-oss-process=image/quality,q_100: 404 Client Error: Not Found for url: https://img.joytoy.com/u_file/2311/10/photo/40k.jpg?x-oss-process=image/quality,q_100
[235/565] skip legio-custodes-contemptor-achillus-dreadnought (cached)
[236/565] skip legio-custodes-contemptor-galatus-dreadnought (cached)
[237/565] skip legio-custodes-aquilon-terminator-squad (cached)
[238/565] skip legio-custodescustodian-venatari-squad (cached)
[239/565] skip blood-angels-contemptor-incaendius-dreadnought (cached)
[240/565] skip blood-angels-raldoron-first-captain-of-the-blood-angels (cached)
[241/565] skip blood-angels-dawnbreaker-cohort (cached)
[242/565] skip world-eaters-lord-invocatus (cached)
[243/565] skip world-eaters-khorne-berzerker (cached)
[244/565] skip blood-angels-legion-praetor-in-tartaros-terminator-armour (cached)
[245/565] skip blood-angels-angels-tears-squad (cached)
[246/565] skip blood-angels-legion-praetor-with-paragon-blade (cached)
[247/565] skip thousand-sons-khenetai-occult-cabal (cached)
[248/565] skip space-wolves-hvarl-red-blade (cached)
[249/565] skip black-templars-marshal-baldeckrath-1 (cached)
[250/565] skip space-wolves-legion-praetor-with-power-axe-and-combat-shield (cached)
[251/565] skip ultramarines-brother-chairon (cached)
[252/565] skip ultramarines-leviathan-dreadnought-with-cyclonic-melta-lance-and-siege-claw (cached)
[253/565] skip thousand-sons-legion-mk-iv-tactical-squad (cached)
[254/565] skip thousand-sons-contemptor-osiron-dreadnought-with-gravis-force-blade-and-gravis-autocannon (cached)
[255/565] skip thousand-sons-sekhmet-terminator-cabal (cached)
[256/565] skip thousand-sons-legion-praetor-in-cataphractii-terminator-armour (cached)
[257/565] skip thousand-sons-magistus-amon (cached)
[258/565] skip blood-angels-sanguinary-guard (cached)
[259/565] skip space-wolves-grey-slayer-pack (cached)
[260/565] skip space-wolves-varagyr-wolf-guard-squad (cached)
[261/565] skip ultramarines-captain-with-jump-pack (cached)
[262/565] skip ultramarines-primaris-captain-1 (cached)
[263/565] skip ultramarines-terminator-squad (cached)
[264/565] skip tyranids-hive-fleet-leviathan-tyranid-warrior-with-boneswordg (cached)
[265/565] skip adepta-sororitas-penitent-engine-with-penitent-flails (cached)
[266/565] skip sons-of-horus-tartaros-terminator-squad (cached)
[267/565] skip sons-of-horus-legion-praetor-in-cataphractii-terminator-armour (cached)
  downloading 16 images...
    failed image https://img.joytoy.com/u_file/2402/29/products/5ead67375b.jpg?x-oss-process=image/quality,q_100: 404 Client Error: Not Found for url: https://img.joytoy.com/u_file/2402/29/products/5ead67375b.jpg?x-oss-process=image/quality,q_100
[268/565] skip sons-of-horus-mkiv-tactical-squad (cached)
[269/565] skip imperial-fists-fafnir-rann (cached)
[270/565] skip adeptus-mechanicus-kastelan-robot-with-heavy-phosphor-blaster (cached)
[271/565] skip adepta-sororitas-penitent-engine (cached)
[272/565] skip adepta-sororitas-abbess-sanctorum-morvenn-vahl (cached)
[273/565] skip ultramarines-desolation-sergeant-with-vengor-launcher (cached)
[274/565] skip astra-militarum-ordnance-team-with-malleus-rocket-launcher (cached)
[275/565] skip astra-militarum-ordnance-team-with-bombast-field-gun (cached)
[276/565] skip black-templarsthe-emperors-champion-rolantus (cached)
[277/565] skip astra-militarum-cadian-command-squad-veteran-with-master-vox (cached)
[278/565] skip ultramarines-captain-in-gravis-armour (cached)
[279/565] skip adeptus-mechanicus-kastelan-robot-with-incendine-combustor (cached)
[280/565] skip dark-angels-master-with-power-fist (cached)
[281/565] skip dark-angels-master-lazarus (cached)
[282/565] skip grey-knights-nemesis-dreadknight-including-action-figures (cached)
[283/565] skip black-templars-emperors-champion-bayards-revenge (cached)
[284/565] skip blood-angels-assault-terminators-brother-nassio (cached)
[285/565] skip blood-angels-assault-terminators-sergeant-santoro (cached)
[286/565] skip space-marines-white-consuls-intercessors-1 (cached)
  downloading 14 images...
    failed image https://img.joytoy.com/u_file/2507/18/photo/2.jpg?x-oss-process=image/quality,q_100: 404 Client Error: Not Found for url: https://img.joytoy.com/u_file/2507/18/photo/2.jpg?x-oss-process=image/quality,q_100
    failed image https://img.joytoy.com/u_file/2507/18/photo/3.jpg?x-oss-process=image/quality,q_100: 404 Client Error: Not Found for url: https://img.joytoy.com/u_file/2507/18/photo/3.jpg?x-oss-process=image/quality,q_100
    failed image https://img.joytoy.com/u_file/2507/18/photo/4.jpg?x-oss-process=image/quality,q_100: 404 Client Error: Not Found for url: https://img.joytoy.com/u_file/2507/18/photo/4.jpg?x-oss-process=image/quality,q_100
    failed image https://img.joytoy.com/u_file/2507/18/photo/5.jpg?x-oss-process=image/quality,q_100: 404 Client Error: Not Found for url: https://img.joytoy.com/u_file/2507/18/photo/5.jpg?x-oss-process=image/quality,q_100
    failed image https://img.joytoy.com/u_file/2507/18/photo/6.jpg?x-oss-process=image/quality,q_100: 404 Client Error: Not Found for url: https://img.joytoy.com/u_file/2507/18/photo/6.jpg?x-oss-process=image/quality,q_100
    failed image https://img.joytoy.com/u_file/2507/18/photo/7.jpg?x-oss-process=image/quality,q_100: 404 Client Error: Not Found for url: https://img.joytoy.com/u_file/2507/18/photo/7.jpg?x-oss-process=image/quality,q_100
    failed image https://img.joytoy.com/u_file/2507/18/photo/8.jpg?x-oss-process=image/quality,q_100: 404 Client Error: Not Found for url: https://img.joytoy.com/u_file/2507/18/photo/8.jpg?x-oss-process=image/quality,q_100
    failed image https://img.joytoy.com/u_file/2507/18/photo/9.jpg?x-oss-process=image/quality,q_100: 404 Client Error: Not Found for url: https://img.joytoy.com/u_file/2507/18/photo/9.jpg?x-oss-process=image/quality,q_100
[287/565] skip space-wolves-ragnar-blackmane (cached)
[288/565] skip ultramarines-primaris-techmarine-brother-tybestis (cached)
[289/565] skip ultramarines-primaris-lieutenant-argaranthe (cached)
[290/565] skip tau-empire-commander-shadowsun (cached)
[291/565] skip raven-guard-intercessors-sergeant-rychas (cached)
[292/565] skip adepta-sororitas-order-of-the-argent-shroud-paragon-warsuit-sister-collaen (cached)
[293/565] skip astra-militarum-tempestus-scions-command-squad-55th-kappic-eagles-medic (cached)
[294/565] skip astra-militarum-tempestus-scions-command-squad-55th-kappic-eagles-banner-bearer (cached)
[295/565] skip astra-militarum-tempestus-scions-command-squad-55th-kappic-eagles-tempestor-prim (cached)
[296/565] skip dark-angels-intercessors-brother-asharr (cached)
[297/565] skip imperial-fists-mk-iii-tactical-legionary (cached)
[298/565] skip sons-of-horus-leviathan-dreadnought-with-siege-drills (cached)
[299/565] skip blood-angels-terminator-squad (cached)
[300/565] skip adeptus-custodes-allarus-custodian-with-castellan-axe (cached)
[301/565] skip blood-angels-jump-pack-squad (cached)
[302/565] skip space-wolves-deathsworn-pack (cached)
[303/565] skip adeptus-custodes-allarus-terminator-01 (cached)
[304/565] skip blood-angels-captain-with-inferno-pistol-power-fist (cached)
[305/565] skip ultramarines-mkiii-legionaries (cached)
[306/565] scraping blood-angels-commander-dante-1
  downloading 17 images...
    saved data/images/blood-angels-commander-dante-1/001.jpg
    saved data/images/blood-angels-commander-dante-1/002.jpg
    saved data/images/blood-angels-commander-dante-1/003.jpg
    saved data/images/blood-angels-commander-dante-1/004.jpg
    saved data/images/blood-angels-commander-dante-1/005.jpg
    saved data/images/blood-angels-commander-dante-1/006.jpg
    saved data/images/blood-angels-commander-dante-1/description/001.jpg
    saved data/images/blood-angels-commander-dante-1/description/002.jpg
    saved data/images/blood-angels-commander-dante-1/description/003.jpg
    saved data/images/blood-angels-commander-dante-1/description/004.jpg
    saved data/images/blood-angels-commander-dante-1/description/005.jpg
    saved data/images/blood-angels-commander-dante-1/description/006.jpg
    saved data/images/blood-angels-commander-dante-1/description/007.jpg
    saved data/images/blood-angels-commander-dante-1/description/008.jpg
    saved data/images/blood-angels-commander-dante-1/description/009.jpg
    saved data/images/blood-angels-commander-dante-1/description/010.jpg
    saved data/images/blood-angels-commander-dante-1/description/011.jpg
[307/565] skip thousand-sons-ahzek-ahriman (cached)
[308/565] skip ultramarines-lieutenant-titus-collectors-edition (cached)
[309/565] skip tyranids-hive-fleet-leviathan-hormagaunt-brood (cached)
[310/565] skip sons-of-horus-legion-praetor-with-power-fist (cached)
[311/565] skip tyranids-hive-fleet-leviathan-termagant-with-fleshborer-3-pack (cached)
[312/565] skip ultramarines-chaplain-in-terminator-armour (cached)
[313/565] skip space-wolves-contemptor-dreadnought-with-gravis-bolt-cannon (cached)
[314/565] skip ultramarines-librarian-in-terminator-armour (cached)
[315/565] skip tyranids-hive-fleet-leviathan-termagant (cached)
[316/565] skip tyranids-hive-fleet-leviathan-ripper (cached)
[317/565] skip blood-angels-crimson-paladins-squad (cached)
[318/565] skip ultramarines-jump-pack-intercessors-squad (cached)
[319/565] skip ultramarines-sergeant-gadriel (cached)
[320/565] skip ultramarines-lieutenant-titus (cached)
[321/565] skip tyranids-hive-fleet-leviathan-tyranid-warrior-with-boneswords-2 (cached)
[322/565] skip iron-hands-captain-in-terminator-armour (cached)
[323/565] skip ultramarines-captain-in-terminator-armour (cached)
[324/565] skip ultramarines-cataphractii-terminator-squad (cached)
[325/565] skip thousand-sons-legion-librarian-consul (cached)
[326/565] skip ultramarines-mkvi-tactical-squad (cached)
[327/565] skip ultramarines-terminator-captain-severus-agemman (cached)
[328/565] skip blood-angels-veteran (cached)
[329/565] skip space-marines-space-wolves-claw-pack (cached)
[330/565] skip ezekyle-abaddon-first-captain-of-the-xvith-legion (cached)
[331/565] skip sons-of-horus-contemptor-dreadnought-with-gravis-autocannon (cached)
[332/565] skip adeptus-custodes-vexilus-praetor-in-allarus-terminator-armour-phelam-tolguror (cached)
[333/565] skip sons-of-horus-mkvi-tactical-squad (cached)
[334/565] skip imperial-fists-contemptor-dreadnought (cached)
  downloading 18 images...
    failed image https://img.joytoy.com/u_file/2402/01/products/aa7740a32b.jpg?x-oss-process=image/quality,q_100: 404 Client Error: Not Found for url: https://img.joytoy.com/u_file/2402/01/products/aa7740a32b.jpg?x-oss-process=image/quality,q_100
[335/565] skip imperial-fists-legion-cataphractii-terminator-squad (cached)
[336/565] skip adeptus-custodes-solar-watch-custodian-guard (cached)
[337/565] skip imperial-fists-intercessors (cached)
[338/565] skip blood-angels-intercessors (cached)
[339/565] skip ultramarines-intercessors (cached)
[340/565] skip space-wolves-intercessors (cached)
[341/565] skip imperial-fists-sigismund (cached)
[342/565] skip imperial-fists-mklll-breacher-legionaries (cached)
[343/565] skip grey-knights-kaldor-draigo (cached)
[344/565] skip dark-angels-deathwing-knight-squad (cached)
[345/565] skip dark-angels-deathwing-action-figure (cached)
[346/565] skip imperial-fists-legion-praetor-with-power-sword (cached)
[347/565] skip imperial-fists-mklll-despoiler-legionaries (cached)
[348/565] skip imperial-fists-legion-chaplain-consul (cached)
[349/565] skip grey-knights-strike-squad (cached)
[350/565] skip adeptus-custodes-blade-champion (cached)
[351/565] skip astra-militarum-cadian-armoured-sentinel (cached)
[352/565] skip ultramarines-bladeguard-ancient (cached)
[353/565] skip primaris-space-marines-bladeguard-veteran (cached)
[354/565] skip ultramarines-vanguard-veteran-with-thunder-hammer-and-storm-shield (cached)
[355/565] skip ultramarines-vanguard-veteran-with-chainsword-and-bolt-pistol (cached)
[356/565] skip ultramarines-vanguard-veteran-sergeant (cached)
[357/565] skip adepta-sororitas-retributor-with-heavy-bolter (cached)
[358/565] skip adepta-sororitas-retributor-with-multi-melta (cached)
[359/565] skip adepta-sororitas-retributor-with-heavy-flamer (cached)
[360/565] skip black-templars-primaris-sword-brethren-eberwulf-1 (cached)
[361/565] skip white-consuls-bladeguard-veteran (cached)
[362/565] skip salamanders-bladeguard-veteran (cached)
[363/565] skip dark-angels-bladeguard-veteran (cached)
[364/565] skip astra-militarum-cadian-command-squad-veteran-with-medi-pack (cached)
[365/565] skip astra-militarum-cadian-command-squad-veteran-with-power-fist (cached)
[366/565] skip astra-militarum-cadian-command-squad-veteran-with-regimental-standard (cached)
[367/565] skip astra-militarum-cadian-command-squad-commander-with-power-sword (cached)
  downloading 15 images...
    failed image https://img.joytoy.com/u_file/2310/10/products/1cbd184585.jpg?x-oss-process=image/quality,q_100: 404 Client Error: Not Found for url: https://img.joytoy.com/u_file/2310/10/products/1cbd184585.jpg?x-oss-process=image/quality,q_100
[368/565] skip adeptus-mechanicus-skitarii-ranger-alpha (cached)
[369/565] skip adeptus-mechanicus-skitarii-ranger-with-transuranic-arquebus (cached)
[370/565] skip adeptus-mechanicus-skitarii-ranger-with-data-tether (cached)
[371/565] skip ultramarines-bladeguard-veteran-brother-sergeant-proximo (cached)
[372/565] skip ultramarines-bladeguard-veteran-03 (cached)
[373/565] skip ultramarines-bladeguard-veteran-02 (cached)
[374/565] skip adeptus-custodes-shield-captain-with-guardian-spear (cached)
[375/565] skip adeptus-custodes-custodian-guard-with-sentinel-blade (cached)
[376/565] skip adeptus-custodes-vexilus-praetor (cached)
[377/565] skip adeptus-custodes-custodian-guard-with-sentinel-blade-and-praesidium-shield (cached)
[378/565] skip adeptus-custodes-custodian-guard-with-guardian-spear (cached)
[379/565] skip black-templars-primaris-initiate-brother-raemont (cached)
[380/565] skip adeptus-mechanicus-cybernetica-datasmith (cached)
[381/565] skip adeptus-mechanicus-skitarii-marshal (cached)
[382/565] skip imperial-fists-lieutenant-with-power-sword (cached)
[383/565] skip ultramarines-lieutenant-with-power-fist (cached)
[384/565] skip grey-knights-nemesis-dreadknight (cached)
[385/565] skip ultramarines-terminator-captain (cached)
[386/565] skip ultramarines-primaris-captain-with-power-sword-and-plasma-pistol (cached)
[387/565] skip ultramarines-victrix-guard-1 (cached)
[388/565] skip grey-knights-grand-master-voldus (cached)
[389/565] skip blood-angels-assault-terminators-brother-taelon (cached)
[390/565] skip blood-angels-ancient-brother-leonid (cached)
[391/565] skip blood-angels-assault-terminators-brother-davinos (cached)
[392/565] skip blood-angels-assault-terminators-brother-tyborel (cached)
[393/565] skip ultramarines-hellblasters-brother-torsus (cached)
[394/565] skip ultramarines-hellblasters-brother-paxor (cached)
[395/565] skip iron-hands-lron-father-feirros (cached)
[396/565] skip space-wolves-arjac-rockfist (cached)
[397/565] skip ultramarines-chief-librarian-tigurius (cached)
[398/565] skip white-consuls-captain-messinius (cached)
[399/565] skip space-marines-white-consuls-intercessors-2 (cached)
[400/565] skip chaosspace-marines-crimson-slaughter-sorcerer-lord-in-terminator-armour (cached)
[401/565] skip salamanders-captain-adrax-agatone (cached)
[402/565] skip blood-angels-mephiston (cached)
[403/565] skip ultramarines-terminators-brother-orionus (cached)
[404/565] skip ultramarines-hellblasters-sergeant-ulaxes (cached)
[405/565] skip ultramarines-terminators-sergeant-terconon (cached)
[406/565] skip ultramarines-terminators-brother-caesaran (cached)
[407/565] skip ultramarines-terminators-brother-acastian (cached)
[408/565] skip ultramarines-terminators-brother-andrus (cached)
[409/565] skip ultramarines-terminators-sergeant-bellan (cached)
[410/565] skip ultramarines-honour-guard-2 (cached)
[411/565] skip ultramarines-honour-guard-1 (cached)
[412/565] skip ultramarines-honour-guard-chapter-ancient (cached)
[413/565] skip ultramarines-honour-guard-chapter-champion (cached)
[414/565] skip chaos-space-marines-black-legion-chaos-lord-in-terminator-armour (cached)
[415/565] skip ultramarines-terminator-chaplain-brother-vanius (cached)
[416/565] skip salamanders-eradicators-brother-xavak (cached)
[417/565] skip salamanders-eradicators-brother-tkren (cached)
[418/565] skip salamanders-eradicators-sergeant-bragar (cached)
[419/565] skip salamanders-intercessors-brother-tolvak (cached)
[420/565] skip salamanders-intercessors-sergeant-tsekgan (cached)
[421/565] skip salamanders-intercessors-brother-haecule (cached)
[422/565] skip salamanders-assault-intercessors-sergeant-krajax (cached)
[423/565] skip iron-hands-intercessors-sergeant-bantus (cached)
[424/565] skip iron-hands-assault-intercessors-sergeant-kalock (cached)
[425/565] skip iron-hands-intercessors-brother-gravak-1 (cached)
[426/565] skip iron-hands-intercessors-brother-gravak (cached)
[427/565] skip space-wolves-iron-priest-jorin-fellhammer (cached)
[428/565] skip astra-militarum-tempestus-scions-command-squad-55th-kappic-eagles-grenadier (cached)
[429/565] skip astra-militarum-tempestus-scions-command-squad-55th-kappic-eagles-vox-operator (cached)
[430/565] skip astra-militarum-tempestus-scions-55th-kappic-eagles-plasma-gunner-1 (cached)
[431/565] skip astra-militarum-tempestus-scions-55th-kappic-eagles-plasma-gunner (cached)
[432/565] skip astra-militarum-tempestus-scions-squad-55th-kappic-eagles-tempestus-scion-2 (cached)
[433/565] skip astra-militarum-tempestus-scions-squad-55th-kappic-eagles-tempestus-scion-1 (cached)
[434/565] skip astra-militarum-tempestus-scions-squad-55th-kappic-eagles-tempestor (cached)
[435/565] skip adepta-sororitas-geminae-superia-2 (cached)
[436/565] skip adepta-sororitas-geminae-superia-1 (cached)
[437/565] skip adepta-sororitas-celestine,-the-living-sain (cached)
[438/565] skip dark-angels-intercessors-sergeant-caslan (cached)
[439/565] skip dark-angels-intercessors-sergeant-rakiel (cached)
[440/565] skip dark-angels-intercessors-brother-nadael (cached)
[441/565] skip black-templars-sword-brethren-brother-dragen (cached)
[442/565] skip black-templars-sword-brethren-brother-lombast (cached)
[443/565] skip chaos-space-marines-word-bearers-chaos-terminator-garchak-vash (cached)
[444/565] skip necrons-sautekh-dynasty-immortal-with-gauss-blaster (cached)
[445/565] skip necrons-sautekh-dynasty-deathmark (cached)
[446/565] skip necrons-sautekh-dynasty-immortal-with-tesla-carbine (cached)
[447/565] skip ultramarines-heroes-of-the-chapter-brother-veteran-sergeant-castor (cached)
[448/565] skip ultramarines-heroes-of-the-chapter-primaris-ancient-posca (cached)
[449/565] skip imperial-fists-raider-pattern-combat-bike (cached)
[450/565] skip imperial-fists-primaris-invader-atv (cached)
[451/565] skip raven-guard-intercessors-brother-nax (cached)
[452/565] skip raven-guard-intercessors-brother-colvane (cached)
[453/565] skip raven-guard-intercessors-sergeant-ashan (cached)
[454/565] skip adepta-sororitas-battle-sisters-order-of-the-argent-shroud-sister-irmengard (cached)
[455/565] skip adepta-sororitas-battle-sisters-order-of-the-argent-shroud-sister-vitas (cached)
[456/565] skip adepta-sororitas-battle-sisters-order-of-the-argent-shroud-sister-superior-evinka (cached)
[457/565] skip adepta-sororitas-battle-sisters-order-of-the-bloody-rose-sister-ignacia (cached)
[458/565] skip adepta-sororitas-battle-sisters-order-of-the-bloody-rose-sister-lonell (cached)
[459/565] skip adepta-sororitas-battle-sisters-order-of-the-bloody-rose-sister-superior-kamina (cached)
[460/565] skip adepta-sororitas-paragon-warsuit-sister-merewal (cached)
[461/565] skip ultramarines-primaris-company-champion-brother-parnaeus (cached)
[462/565] skip adepta-sororitas-paragon-warsuit-sister-aedita (cached)
[463/565] skip ultramarines-intercessor-veteran-sergeant-brother-aeontas (cached)
[464/565] skip chaos-space-marines-crimson-slaughter-brother-maganar (cached)
[465/565] skip chaos-space-marines-red-corsairs-exalted-champion-gotor-the-blade (cached)
[466/565] skip chaos-space-marines-crimson-slaughter-brother-karvult (cached)
[467/565] skip necrons-szarekhan-dynasty-deathmark (cached)
[468/565] skip necrons-szarekhan-dynasty-lmmortal-with-tesla-carbine (cached)
[469/565] skip necrons-szarekhan-dynasty-lmmortal-with-gauss-blaster (cached)
[470/565] skip necrons-szarekhan-dynasty-overlord (cached)
[471/565] skip white-scars-assault-lntercessor-sergeant-tsendbaatar (cached)
[472/565] skip white-scars-assault-lntercessor-brother-batjargal (cached)
[473/565] skip white-scars-captain-korsarro-khan (cached)
[474/565] skip space-wolves-claw-pack-sigyrr-stoneshield (cached)
[475/565] skip tau-empire-fire-warrior (cached)
[476/565] skip tau-empire-xv8-crisis-battlesuit-02 (cached)
[477/565] skip tau-empire-xv8-crisis-battlesuit-01 (cached)
[478/565] skip black-templars-redemptor-dreadnought (cached)
[479/565] skip ultramarines-chapter-master-marneus-calgar (cached)
[480/565] skip black-templars-primaris-crusader-squad (cached)
[481/565] skip ultramarines-primaris-eradicator3 (cached)
[482/565] skip ultramarines-primaris-eradicator2 (cached)
[483/565] skip ultramarines-primaris-eradicator1 (cached)
[484/565] skip ultramarines-venerable-dreadnought (cached)
[485/565] skip ultramarines-captain-with-master-crafted-heavy-bolt-rifle (cached)
[486/565] skip ultramarines-bladeguard-veterans (cached)
[487/565] skip blood-angels-veteran-alberigo (cached)
[488/565] skip blood-angels-veteran-salus (cached)
[489/565] skip blood-angels-veteran-vigna (cached)
[490/565] skip blood-angels-veteran-laenatus (cached)
[491/565] skip blood-angels-redemptor-dreadnought (cached)
[492/565] skip imperial-fists-primaris-captain (cached)
[493/565] skip imperial-fists-heavy-intercessors-1 (cached)
[494/565] skip imperial-fists-heavy-intercessors (cached)
[495/565] skip imperial-fists-third-captain-tor-garadon (cached)
[496/565] skip imperial-fists-redemptor-dreadnought (cached)
[497/565] skip ultramarines-primaris-company-champion (cached)
[498/565] skip ultramarines-primaris-assault-veteran-intercessor (cached)
[499/565] skip ultramarines-primaris-invader-atv (cached)
[500/565] skip space-marines-grey-knights-venerable-dreadnought (cached)
[501/565] skip orks-squighog-nob-on-smasha-squig (cached)
[502/565] skip space-wolves-thunderwolf-cavalry-bjane (cached)
[503/565] skip space-wolves-thunderwolf-cavalry-frode (cached)
[504/565] skip primaris-captain-sidonicus (cached)
[505/565] skip blood-angels-primaris-lieutenant-tolmeron (cached)
[506/565] skip imperial-fists-veteran-brother-thracius (cached)
[507/565] skip veteran-sergeant-icastus (cached)
[508/565] skip primaris-lieutenant-horatius (cached)
[509/565] skip primaris-lieutenant-amulius (cached)
[510/565] skip primaris-librarian (cached)
[511/565] skip blood-angels-death-company-intercessors (cached)
[512/565] skip primariscaptainingravisarmour-brothercaptainvoltian (cached)
[513/565] skip ultramarines-primaris-reivers (cached)
[514/565] skip heroes-of-the-chapter-primaris-lieutenant-erastus (cached)
[515/565] skip imperiar-fists-aggressor-brother-sergeant-lycias (cached)
[516/565] skip imperiar-fists-intercessors-brother-sergeant-sevito (cached)
[517/565] skip imperiar-fists-intercessors-brother-marine-02 (cached)
[518/565] skip imperiar-fists-intercessors-primaris-lieutenant-naviaz (cached)
[519/565] skip space-wolves-battle-pack-invictor-warsuit (cached)
[520/565] skip space-wolves-claw-pack-brother-torrvald (cached)
[521/565] skip space-wolves-claw-pack-brother-olaf (cached)
[522/565] skip space-wolves-claw-pack-brother-gunnar (cached)
[523/565] skip space-wolves-claw-pack-pack-leader-logan-ghostwolf (cached)
[524/565] skip pmaris-space-marines-space-wolve-bladeguard-veteran (cached)
[525/565] skip pmaris-space-marines-imperial-fists-bladeguard-veteran (cached)
[526/565] skip ork-kommandos-comms-boy-wagzuk-1 (cached)
[527/565] skip ork-kommandos-comms-boy-wagzuk (cached)
[528/565] skip ork-kommandos-dakka-boy-rotbilge (cached)
[529/565] skip ork-kommandos-dakka-boy-snarit (cached)
[530/565] skip ork-kommandos-burna-boy-ragrob (cached)
[531/565] skip ork-kommandos-nob-nazbog (cached)
[532/565] skip black-templars-outriders (cached)
[533/565] skip black-templars-outriders-brother-valtus (cached)
[534/565] skip ultramarines-outriders (cached)
[535/565] skip ultramarines-outriders-brother-catonus (cached)
[536/565] skip space-wolves-bjorn-the-fell-handed (cached)
[537/565] skip space-marines-space-wolves-venerable-dreadnought-brother-hvor (cached)
[538/565] skip blood-angels-aggressor-brother-marine-04 (cached)
[539/565] skip blood-angels-intercessors-brother-marine-03 (cached)
[540/565] skip blood-angels-intercessors-brother-marine-02 (cached)
[541/565] skip black-legion-helbrute (cached)
[542/565] skip black-legion-havocs-marine-05 (cached)
[543/565] skip black-legion-havocs-marine-04 (cached)
[544/565] skip black-legion-havocs-marine-03 (cached)
[545/565] skip black-legion-havocs-marine-02 (cached)
[546/565] skip black-legion-havocs-champion-brother-slael (cached)
[547/565] skip chaos-space-marine-e (cached)
[548/565] skip chaos-space-marine-d (cached)
[549/565] skip chaos-space-marine-c (cached)
[550/565] skip ultramarines-primaris-inceptors (cached)
[551/565] skip ultramarines-aggressors (cached)
[552/565] skip black-legion-chaos-lord-khalos-the-ravager (cached)
[553/565] skip chaos-terminator-brother-gornoth (cached)
[554/565] skip chaos-terminator-brother-bathalorr (cached)
[555/565] skip chaos-terminator-brother-gnarl (cached)
[556/565] skip black-legion-brother-narghast (cached)
[557/565] skip black-legion-brother-talas (cached)
[558/565] skip space-wolves-battle-hunter-pack (cached)
[559/565] skip invictor-tactical-warsuit (cached)
[560/565] skip ultramarines-infiltrators (cached)
[561/565] skip ultramarines-incursors (cached)
[562/565] scraping sons-of-horus-legion-scimitar-jetbike-with-heavy-bolter
  downloading 30 images...
    saved data/images/sons-of-horus-legion-scimitar-jetbike-with-heavy-bolter/001.jpg
    saved data/images/sons-of-horus-legion-scimitar-jetbike-with-heavy-bolter/002.jpg
    saved data/images/sons-of-horus-legion-scimitar-jetbike-with-heavy-bolter/003.jpg
    saved data/images/sons-of-horus-legion-scimitar-jetbike-with-heavy-bolter/004.jpg
    saved data/images/sons-of-horus-legion-scimitar-jetbike-with-heavy-bolter/005.jpg
    saved data/images/sons-of-horus-legion-scimitar-jetbike-with-heavy-bolter/006.jpg
    saved data/images/sons-of-horus-legion-scimitar-jetbike-with-heavy-bolter/description/001.jpg
    saved data/images/sons-of-horus-legion-scimitar-jetbike-with-heavy-bolter/description/002.jpg
    saved data/images/sons-of-horus-legion-scimitar-jetbike-with-heavy-bolter/description/003.jpg
    saved data/images/sons-of-horus-legion-scimitar-jetbike-with-heavy-bolter/description/004.jpg
    saved data/images/sons-of-horus-legion-scimitar-jetbike-with-heavy-bolter/description/005.jpg
    saved data/images/sons-of-horus-legion-scimitar-jetbike-with-heavy-bolter/description/006.jpg
    saved data/images/sons-of-horus-legion-scimitar-jetbike-with-heavy-bolter/description/007.jpg
    saved data/images/sons-of-horus-legion-scimitar-jetbike-with-heavy-bolter/description/008.jpg
    saved data/images/sons-of-horus-legion-scimitar-jetbike-with-heavy-bolter/description/009.jpg
    saved data/images/sons-of-horus-legion-scimitar-jetbike-with-heavy-bolter/description/010.jpg
    saved data/images/sons-of-horus-legion-scimitar-jetbike-with-heavy-bolter/description/011.jpg
    saved data/images/sons-of-horus-legion-scimitar-jetbike-with-heavy-bolter/description/012.jpg
    saved data/images/sons-of-horus-legion-scimitar-jetbike-with-heavy-bolter/description/013.jpg
    saved data/images/sons-of-horus-legion-scimitar-jetbike-with-heavy-bolter/description/014.jpg
    saved data/images/sons-of-horus-legion-scimitar-jetbike-with-heavy-bolter/description/015.jpg
    saved data/images/sons-of-horus-legion-scimitar-jetbike-with-heavy-bolter/description/016.jpg
    saved data/images/sons-of-horus-legion-scimitar-jetbike-with-heavy-bolter/description/017.jpg
    saved data/images/sons-of-horus-legion-scimitar-jetbike-with-heavy-bolter/description/018.jpg
    saved data/images/sons-of-horus-legion-scimitar-jetbike-with-heavy-bolter/description/019.jpg
    saved data/images/sons-of-horus-legion-scimitar-jetbike-with-heavy-bolter/description/020.jpg
    saved data/images/sons-of-horus-legion-scimitar-jetbike-with-heavy-bolter/description/021.jpg
    saved data/images/sons-of-horus-legion-scimitar-jetbike-with-heavy-bolter/description/022.jpg
    saved data/images/sons-of-horus-legion-scimitar-jetbike-with-heavy-bolter/description/023.jpg
    saved data/images/sons-of-horus-legion-scimitar-jetbike-with-heavy-bolter/description/024.jpg
[563/565] scraping white-scars-legion-shamshir-jetbike
  downloading 32 images...
    saved data/images/white-scars-legion-shamshir-jetbike/001.jpg
    saved data/images/white-scars-legion-shamshir-jetbike/002.jpg
    saved data/images/white-scars-legion-shamshir-jetbike/003.jpg
    saved data/images/white-scars-legion-shamshir-jetbike/004.jpg
    saved data/images/white-scars-legion-shamshir-jetbike/005.jpg
    saved data/images/white-scars-legion-shamshir-jetbike/006.jpg
    saved data/images/white-scars-legion-shamshir-jetbike/description/001.jpg
    saved data/images/white-scars-legion-shamshir-jetbike/description/002.jpg
    saved data/images/white-scars-legion-shamshir-jetbike/description/003.jpg
    saved data/images/white-scars-legion-shamshir-jetbike/description/004.jpg
    saved data/images/white-scars-legion-shamshir-jetbike/description/005.jpg
    saved data/images/white-scars-legion-shamshir-jetbike/description/006.jpg
    saved data/images/white-scars-legion-shamshir-jetbike/description/007.jpg
    saved data/images/white-scars-legion-shamshir-jetbike/description/008.jpg
    saved data/images/white-scars-legion-shamshir-jetbike/description/009.jpg
    saved data/images/white-scars-legion-shamshir-jetbike/description/010.jpg
    saved data/images/white-scars-legion-shamshir-jetbike/description/011.jpg
    saved data/images/white-scars-legion-shamshir-jetbike/description/012.jpg
    saved data/images/white-scars-legion-shamshir-jetbike/description/013.jpg
    saved data/images/white-scars-legion-shamshir-jetbike/description/014.jpg
    saved data/images/white-scars-legion-shamshir-jetbike/description/015.jpg
    saved data/images/white-scars-legion-shamshir-jetbike/description/016.jpg
    saved data/images/white-scars-legion-shamshir-jetbike/description/017.jpg
    saved data/images/white-scars-legion-shamshir-jetbike/description/018.jpg
    saved data/images/white-scars-legion-shamshir-jetbike/description/019.jpg
    saved data/images/white-scars-legion-shamshir-jetbike/description/020.jpg
    saved data/images/white-scars-legion-shamshir-jetbike/description/021.jpg
    saved data/images/white-scars-legion-shamshir-jetbike/description/022.jpg
    saved data/images/white-scars-legion-shamshir-jetbike/description/023.jpg
    saved data/images/white-scars-legion-shamshir-jetbike/description/024.jpg
    saved data/images/white-scars-legion-shamshir-jetbike/description/025.jpg
    saved data/images/white-scars-legion-shamshir-jetbike/description/026.jpg
[564/565] scraping white-scars-legion-vigilator-with-nemesis-rifle-and-bolt-pistol
  downloading 17 images...
    saved data/images/white-scars-legion-vigilator-with-nemesis-rifle-and-bolt-pistol/001.jpg
    saved data/images/white-scars-legion-vigilator-with-nemesis-rifle-and-bolt-pistol/002.jpg
    saved data/images/white-scars-legion-vigilator-with-nemesis-rifle-and-bolt-pistol/003.jpg
    saved data/images/white-scars-legion-vigilator-with-nemesis-rifle-and-bolt-pistol/004.jpg
    saved data/images/white-scars-legion-vigilator-with-nemesis-rifle-and-bolt-pistol/005.jpg
    saved data/images/white-scars-legion-vigilator-with-nemesis-rifle-and-bolt-pistol/006.jpg
    saved data/images/white-scars-legion-vigilator-with-nemesis-rifle-and-bolt-pistol/description/001.jpg
    saved data/images/white-scars-legion-vigilator-with-nemesis-rifle-and-bolt-pistol/description/002.jpg
    saved data/images/white-scars-legion-vigilator-with-nemesis-rifle-and-bolt-pistol/description/003.jpg
    saved data/images/white-scars-legion-vigilator-with-nemesis-rifle-and-bolt-pistol/description/004.jpg
    saved data/images/white-scars-legion-vigilator-with-nemesis-rifle-and-bolt-pistol/description/005.jpg
    saved data/images/white-scars-legion-vigilator-with-nemesis-rifle-and-bolt-pistol/description/006.jpg
    saved data/images/white-scars-legion-vigilator-with-nemesis-rifle-and-bolt-pistol/description/007.jpg
    saved data/images/white-scars-legion-vigilator-with-nemesis-rifle-and-bolt-pistol/description/008.jpg
    saved data/images/white-scars-legion-vigilator-with-nemesis-rifle-and-bolt-pistol/description/009.jpg
    saved data/images/white-scars-legion-vigilator-with-nemesis-rifle-and-bolt-pistol/description/010.jpg
    saved data/images/white-scars-legion-vigilator-with-nemesis-rifle-and-bolt-pistol/description/011.jpg
[565/565] scraping astra-militarum-kasrkin-squad
  downloading 101 images...
    saved data/images/astra-militarum-kasrkin-squad/001.jpg
    saved data/images/astra-militarum-kasrkin-squad/002.jpg
    saved data/images/astra-militarum-kasrkin-squad/003.jpg
    saved data/images/astra-militarum-kasrkin-squad/004.jpg
    saved data/images/astra-militarum-kasrkin-squad/005.jpg
    saved data/images/astra-militarum-kasrkin-squad/006.jpg
    saved data/images/astra-militarum-kasrkin-squad/007.jpg
    saved data/images/astra-militarum-kasrkin-squad/008.jpg
    saved data/images/astra-militarum-kasrkin-squad/009.jpg
    saved data/images/astra-militarum-kasrkin-squad/010.jpg
    saved data/images/astra-militarum-kasrkin-squad/011.jpg
    saved data/images/astra-militarum-kasrkin-squad/012.jpg
    saved data/images/astra-militarum-kasrkin-squad/013.jpg
    saved data/images/astra-militarum-kasrkin-squad/014.jpg
    saved data/images/astra-militarum-kasrkin-squad/015.jpg
    saved data/images/astra-militarum-kasrkin-squad/016.jpg
    saved data/images/astra-militarum-kasrkin-squad/017.jpg
    saved data/images/astra-militarum-kasrkin-squad/018.jpg
    saved data/images/astra-militarum-kasrkin-squad/019.jpg
    saved data/images/astra-militarum-kasrkin-squad/020.jpg
    saved data/images/astra-militarum-kasrkin-squad/021.jpg
    saved data/images/astra-militarum-kasrkin-squad/022.jpg
    saved data/images/astra-militarum-kasrkin-squad/023.jpg
    saved data/images/astra-militarum-kasrkin-squad/024.jpg
    saved data/images/astra-militarum-kasrkin-squad/025.jpg
    saved data/images/astra-militarum-kasrkin-squad/026.jpg
    saved data/images/astra-militarum-kasrkin-squad/027.jpg
    saved data/images/astra-militarum-kasrkin-squad/028.jpg
    saved data/images/astra-militarum-kasrkin-squad/029.jpg
    saved data/images/astra-militarum-kasrkin-squad/030.jpg
    saved data/images/astra-militarum-kasrkin-squad/031.jpg
    saved data/images/astra-militarum-kasrkin-squad/032.jpg
    saved data/images/astra-militarum-kasrkin-squad/033.jpg
    saved data/images/astra-militarum-kasrkin-squad/034.jpg
    saved data/images/astra-militarum-kasrkin-squad/035.jpg
    saved data/images/astra-militarum-kasrkin-squad/036.jpg
    saved data/images/astra-militarum-kasrkin-squad/037.jpg
    saved data/images/astra-militarum-kasrkin-squad/038.jpg
    saved data/images/astra-militarum-kasrkin-squad/039.jpg
    saved data/images/astra-militarum-kasrkin-squad/040.jpg
    saved data/images/astra-militarum-kasrkin-squad/041.jpg
    saved data/images/astra-militarum-kasrkin-squad/042.jpg
    saved data/images/astra-militarum-kasrkin-squad/043.jpg
    saved data/images/astra-militarum-kasrkin-squad/044.jpg
    saved data/images/astra-militarum-kasrkin-squad/description/001.jpg
    saved data/images/astra-militarum-kasrkin-squad/description/002.jpg
    saved data/images/astra-militarum-kasrkin-squad/description/003.jpg
    saved data/images/astra-militarum-kasrkin-squad/description/004.jpg
    saved data/images/astra-militarum-kasrkin-squad/description/005.jpg
    saved data/images/astra-militarum-kasrkin-squad/description/006.jpg
    saved data/images/astra-militarum-kasrkin-squad/description/007.jpg
    saved data/images/astra-militarum-kasrkin-squad/description/008.jpg
    saved data/images/astra-militarum-kasrkin-squad/description/009.jpg
    saved data/images/astra-militarum-kasrkin-squad/description/010.jpg
    saved data/images/astra-militarum-kasrkin-squad/description/011.jpg
    saved data/images/astra-militarum-kasrkin-squad/description/012.jpg
    saved data/images/astra-militarum-kasrkin-squad/description/013.jpg
    saved data/images/astra-militarum-kasrkin-squad/description/014.jpg
    saved data/images/astra-militarum-kasrkin-squad/description/015.jpg
    saved data/images/astra-militarum-kasrkin-squad/description/016.jpg
    saved data/images/astra-militarum-kasrkin-squad/description/017.jpg
    saved data/images/astra-militarum-kasrkin-squad/description/018.jpg
    saved data/images/astra-militarum-kasrkin-squad/description/019.jpg
    saved data/images/astra-militarum-kasrkin-squad/description/020.jpg
    saved data/images/astra-militarum-kasrkin-squad/description/021.jpg
    saved data/images/astra-militarum-kasrkin-squad/description/022.jpg
    saved data/images/astra-militarum-kasrkin-squad/description/023.jpg
    saved data/images/astra-militarum-kasrkin-squad/description/024.jpg
    saved data/images/astra-militarum-kasrkin-squad/description/025.jpg
    saved data/images/astra-militarum-kasrkin-squad/description/026.jpg
    saved data/images/astra-militarum-kasrkin-squad/description/027.jpg
    saved data/images/astra-militarum-kasrkin-squad/description/028.jpg
    saved data/images/astra-militarum-kasrkin-squad/description/029.jpg
    saved data/images/astra-militarum-kasrkin-squad/description/030.jpg
    saved data/images/astra-militarum-kasrkin-squad/description/031.jpg
    saved data/images/astra-militarum-kasrkin-squad/description/032.jpg
    saved data/images/astra-militarum-kasrkin-squad/description/033.jpg
    saved data/images/astra-militarum-kasrkin-squad/description/034.jpg
    saved data/images/astra-militarum-kasrkin-squad/description/035.jpg
    saved data/images/astra-militarum-kasrkin-squad/description/036.jpg
    saved data/images/astra-militarum-kasrkin-squad/description/037.jpg
    saved data/images/astra-militarum-kasrkin-squad/description/038.jpg
    saved data/images/astra-militarum-kasrkin-squad/description/039.jpg
    saved data/images/astra-militarum-kasrkin-squad/description/040.jpg
    saved data/images/astra-militarum-kasrkin-squad/description/041.jpg
    saved data/images/astra-militarum-kasrkin-squad/description/042.jpg
    saved data/images/astra-militarum-kasrkin-squad/description/043.jpg
    saved data/images/astra-militarum-kasrkin-squad/description/044.jpg
    saved data/images/astra-militarum-kasrkin-squad/description/045.jpg
    saved data/images/astra-militarum-kasrkin-squad/description/046.jpg
    saved data/images/astra-militarum-kasrkin-squad/description/047.jpg
    saved data/images/astra-militarum-kasrkin-squad/description/048.jpg
    saved data/images/astra-militarum-kasrkin-squad/description/049.jpg
    saved data/images/astra-militarum-kasrkin-squad/description/050.jpg
    saved data/images/astra-militarum-kasrkin-squad/description/051.jpg
    saved data/images/astra-militarum-kasrkin-squad/description/052.jpg
    saved data/images/astra-militarum-kasrkin-squad/description/053.jpg
    saved data/images/astra-militarum-kasrkin-squad/description/054.jpg
    saved data/images/astra-militarum-kasrkin-squad/description/055.jpg
    saved data/images/astra-militarum-kasrkin-squad/description/056.jpg
    saved data/images/astra-militarum-kasrkin-squad/description/057.jpg

Done. 565 products saved to /Users/alenguyen/Documents/mine/joytoy/warhammer-scraper/data/products.json
