> npm run prepare:images && astro build && npm run verify:limits
> python3 scripts/prepare_catalog.py
Stock match: 111/148 rows → 72 products (jt=27, name=57, upc=27)
  Unmatched stock (37):
    JT4454  Corvus Belli Armata-2 Proyekt Marauders Ranger Unit 1
    JT4485  Corvus Belli Armata-2 Proyekt Marauders Ranger Unit 4
    JT4799  Infinity Corvus Belli Ariadna Frontviks Separate Assault Batallion
    JT4829  Infinity Corvus Belli Ariadna Veteran Kazaks
    JT4805  Infinity Corvus Belli Ariadna Tankhunter Regiment 1
    JT9527  U.S Army Delta Assault Squad - Sniper
    JT9534  U.S Army Delta Assault Squad - Operator
    JT9541  U.S Army Delta Assault Squad - Breacher
    JT9558  U.S Army Delta Assault Squad - Support Gunner
    JT9565  U.S Army Delta Assault Squad - Machine Gunner
    JT9459  Cyclone Assauit Armored Car
    JT9886  Kina Mercenaries - The Assault Vanguard
    … and 25 more
Preparing 13770 WebP assets with 8 workers…
  prepared 500/13770
  prepared 1000/13770
  prepared 1500/13770
  prepared 2000/13770
  prepared 2500/13770
  prepared 3000/13770
  prepared 3500/13770
  prepared 4000/13770
  prepared 4500/13770
  prepared 5000/13770
  prepared 5500/13770
  prepared 6000/13770
  prepared 6500/13770
  prepared 7000/13770
  prepared 7500/13770
  prepared 8000/13770
  prepared 8500/13770
  prepared 9000/13770
  prepared 9500/13770
  prepared 10000/13770
  prepared 10500/13770
  prepared 11000/13770
  prepared 11500/13770
  prepared 12000/13770
  prepared 12500/13770
  prepared 13000/13770
  prepared 13500/13770
Prepared 565 products, 36 categories, 13770 media files (300.7 MiB), 0 missing outputs.
14:37:38 [vite] Re-optimizing dependencies because vite config has changed
14:37:38 [types] Generated 99ms
14:37:38 [build] output: "static"
14:37:38 [build] mode: "static"
14:37:38 [build] directory: /Users/alenguyen/Documents/mine/joytoy/web/dist/
14:37:38 [build] Collecting build info...
14:37:38 [build] ✓ Completed in 126ms.
14:37:39 [build] Building static entrypoints...
14:37:39 [vite] ✓ built in 133ms
14:37:42 [vite] ✓ built in 3.21s
14:37:42 [build] Rearranging server assets...
 generating static routes 
14:37:42   ├─ /404.html (+6ms) 
14:37:42   ├─ /products/adepta-sororitas-abbess-sanctorum-morvenn-vahl/index.html (+2ms) 
14:37:42   ├─ /products/adepta-sororitas-battle-sister-sister-jurel/index.html (+1ms) 
14:37:42   ├─ /products/adepta-sororitas-battle-sister-sister-ludwenna/index.html (+1ms) 
14:37:42   ├─ /products/adepta-sororitas-battle-sister-sister-noyalle/index.html (+1ms) 
14:37:42   ├─ /products/adepta-sororitas-battle-sister-sister-superior-kassia/index.html (+1ms) 
14:37:42   ├─ /products/adepta-sororitas-battle-sisters-order-of-the-argent-shroud-sister-irmengard/index.html (+1ms) 
14:37:42   ├─ /products/adepta-sororitas-battle-sisters-order-of-the-argent-shroud-sister-superior-evinka/index.html (+1ms) 
14:37:42   ├─ /products/adepta-sororitas-battle-sisters-order-of-the-argent-shroud-sister-vitas/index.html (+2ms) 
14:37:42   ├─ /products/adepta-sororitas-battle-sisters-order-of-the-bloody-rose-sister-ignacia/index.html (+1ms) 
14:37:42   ├─ /products/adepta-sororitas-battle-sisters-order-of-the-bloody-rose-sister-lonell/index.html (+1ms) 
14:37:42   ├─ /products/adepta-sororitas-battle-sisters-order-of-the-bloody-rose-sister-superior-kamina/index.html (+1ms) 
14:37:42   ├─ /products/adepta-sororitas-celestine,-the-living-sain/index.html (+1ms) 
14:37:42   ├─ /products/adepta-sororitas-geminae-superia-1/index.html (+1ms) 
14:37:42   ├─ /products/adepta-sororitas-geminae-superia-2/index.html (+1ms) 
14:37:42   ├─ /products/adepta-sororitas-lmagifier-sister-saelon/index.html (+1ms) 
14:37:42   ├─ /products/adepta-sororitas-order-of-the-argent-shroud-paragon-warsuit-sister-collaen/index.html (+1ms) 
14:37:42   ├─ /products/adepta-sororitas-paragon-warsuit-sister-aedita/index.html (+1ms) 
14:37:42   ├─ /products/adepta-sororitas-paragon-warsuit-sister-merewal/index.html (+1ms) 
14:37:42   ├─ /products/adepta-sororitas-penitent-engine/index.html (+0ms) 
14:37:42   ├─ /products/adepta-sororitas-penitent-engine-with-penitent-flails/index.html (+1ms) 
14:37:42   ├─ /products/adepta-sororitas-retributor-with-heavy-bolter/index.html (+1ms) 
14:37:42   ├─ /products/adepta-sororitas-retributor-with-heavy-flamer/index.html (+1ms) 
14:37:42   ├─ /products/adepta-sororitas-retributor-with-multi-melta/index.html (+1ms) 
14:37:42   ├─ /products/adeptus-custodes-allarus-custodian-with-castellan-axe/index.html (+1ms) 
14:37:42   ├─ /products/adeptus-custodes-allarus-terminator-01/index.html (+0ms) 
14:37:42   ├─ /products/adeptus-custodes-blade-champion/index.html (+1ms) 
14:37:42   ├─ /products/adeptus-custodes-custodian-guard-with-guardian-spear/index.html (+0ms) 
14:37:42   ├─ /products/adeptus-custodes-custodian-guard-with-sentinel-blade/index.html (+0ms) 
14:37:42   ├─ /products/adeptus-custodes-custodian-guard-with-sentinel-blade-and-praesidium-shield/index.html (+1ms) 
14:37:42   ├─ /products/adeptus-custodes-shield-captain-with-guardian-spear/index.html (+0ms) 
14:37:42   ├─ /products/adeptus-custodes-solar-watch-custodian-guard/index.html (+0ms) 
14:37:42   ├─ /products/adeptus-custodes-vexilus-praetor/index.html (+1ms) 
14:37:42   ├─ /products/adeptus-custodes-vexilus-praetor-in-allarus-terminator-armour-phelam-tolguror/index.html (+0ms) 
14:37:42   ├─ /products/adeptus-mechanicus-cybernetica-datasmith/index.html (+1ms) 
14:37:42   ├─ /products/adeptus-mechanicus-kastelan-robot-with-heavy-phosphor-blaster/index.html (+1ms) 
14:37:42   ├─ /products/adeptus-mechanicus-kastelan-robot-with-incendine-combustor/index.html (+1ms) 
14:37:42   ├─ /products/adeptus-mechanicus-skitarii-marshal/index.html (+0ms) 
14:37:42   ├─ /products/adeptus-mechanicus-skitarii-ranger-alpha/index.html (+0ms) 
14:37:42   ├─ /products/adeptus-mechanicus-skitarii-ranger-with-data-tether/index.html (+0ms) 
14:37:42   ├─ /products/adeptus-mechanicus-skitarii-ranger-with-transuranic-arquebus/index.html (+0ms) 
14:37:42   ├─ /products/alpha-legion-alpharius-primarch-of-the-xxth-legion/index.html (+0ms) 
14:37:42   ├─ /products/alpha-legion-contemptor-dreadnought-with-gravis-plasma-cannon/index.html (+0ms) 
14:37:42   ├─ /products/alpha-legion-exodus-the-one-who-is-many-with-sniper-rifle-and-power-dagger/index.html (+1ms) 
14:37:42   ├─ /products/alpha-legion-harrowmaster-armillus-dynat/index.html (+0ms) 
14:37:42   ├─ /products/alpha-legion-headhunter-prime/index.html (+1ms) 
14:37:42   ├─ /products/alpha-legion-headhunter-with-banestrike-combi-bolter-and-power-dagger/index.html (+1ms) 
14:37:42   ├─ /products/alpha-legion-legion-praetor-in-cataphractii-terminator-armour/index.html (+1ms) 
14:37:42   ├─ /products/alpha-legion-legion-praetor-with-power-sword/index.html (+1ms) 
14:37:42   ├─ /products/alpha-legion-lernaean-terminator-with-conversion-beam-cannon/index.html (+1ms) 
14:37:42   ├─ /products/alpha-legion-lernaean-terminator-with-volkite-charger/index.html (+1ms) 
14:37:42   ├─ /products/alpha-legion-mk-iii-tactical-legionary/index.html (+1ms) 
14:37:42   ├─ /products/alpha-legion-mkvi-tactical-legionary/index.html (+1ms) 
14:37:42   ├─ /products/alpha-legion-saboteur-consul/index.html (+1ms) 
14:37:42   ├─ /products/astra-militarum-cadian-armoured-sentinel/index.html (+1ms) 
14:37:42   ├─ /products/astra-militarum-cadian-command-squad-commander-with-power-sword/index.html (+1ms) 
14:37:42   ├─ /products/astra-militarum-cadian-command-squad-veteran-with-master-vox/index.html (+6ms) 
14:37:42   ├─ /products/astra-militarum-cadian-command-squad-veteran-with-medi-pack/index.html (+1ms) 
14:37:42   ├─ /products/astra-militarum-cadian-command-squad-veteran-with-power-fist/index.html (+1ms) 
14:37:42   ├─ /products/astra-militarum-cadian-command-squad-veteran-with-regimental-standard/index.html (+1ms) 
14:37:42   ├─ /products/death-korps-of-krieg-veteran-squad-guardsman-1/index.html (+0ms) 
14:37:42   ├─ /products/death-korps-of-krieg-veteran-squad-guardsman-communications-specialist/index.html (+1ms) 
14:37:42   ├─ /products/death-korps-of-krieg-veteran-squad-guardsman-demolitions-specialist/index.html (+0ms) 
14:37:42   ├─ /products/death-korps-of-krieg-veteran-squad-guardsman-medic/index.html (+0ms) 
14:37:42   ├─ /products/death-korps-of-krieg-veteran-squad-guardsman/index.html (+0ms) 
14:37:42   ├─ /products/death-korps-of-krieg-veteran-squad-sergeant/index.html (+1ms) 
14:37:42   ├─ /products/astra-militarum-kasrkin-squad/index.html (+1ms) 
14:37:42   ├─ /products/astra-militarum-ordnance-team-with-bombast-field-gun/index.html (+1ms) 
14:37:42   ├─ /products/astra-militarum-ordnance-team-with-malleus-rocket-launcher/index.html (+1ms) 
14:37:42   ├─ /products/astra-militarum-tempestus-scions-55th-kappic-eagles-plasma-gunner-1/index.html (+1ms) 
14:37:42   ├─ /products/astra-militarum-tempestus-scions-command-squad-55th-kappic-eagles-banner-bearer/index.html (+0ms) 
14:37:42   ├─ /products/astra-militarum-tempestus-scions-command-squad-55th-kappic-eagles-grenadier/index.html (+1ms) 
14:37:42   ├─ /products/astra-militarum-tempestus-scions-command-squad-55th-kappic-eagles-medic/index.html (+0ms) 
14:37:42   ├─ /products/astra-militarum-tempestus-scions-command-squad-55th-kappic-eagles-tempestor-prim/index.html (+0ms) 
14:37:42   ├─ /products/astra-militarum-tempestus-scions-command-squad-55th-kappic-eagles-vox-operator/index.html (+1ms) 
14:37:42   ├─ /products/astra-militarum-tempestus-scions-55th-kappic-eagles-plasma-gunner/index.html (+0ms) 
14:37:42   ├─ /products/astra-militarum-tempestus-scions-squad-55th-kappic-eagles-tempestor/index.html (+0ms) 
14:37:42   ├─ /products/astra-militarum-tempestus-scions-squad-55th-kappic-eagles-tempestus-scion-1/index.html (+0ms) 
14:37:42   ├─ /products/astra-militarum-tempestus-scions-squad-55th-kappic-eagles-tempestus-scion-2/index.html (+1ms) 
14:37:42   ├─ /products/black-legion-abaddon-the-despoiler-with-drachnyen-and-the-talon-of-horus/index.html (+1ms) 
14:37:42   ├─ /products/black-legion-master-of-possession-with-staff-of-possession-and-bolt-pistol/index.html (+1ms) 
14:37:42   ├─ /products/black-templars-crusader-ancient-with-power-sword-and-bolt-pistol/index.html (+5ms) 
14:37:42   ├─ /products/black-templars-emperors-champion-bayards-revenge/index.html (+1ms) 
14:37:42   ├─ /products/black-templars-execrator-1-with-crozius-arcanum-and-master-crafted-power-weapon/index.html (+0ms) 
14:37:42   ├─ /products/black-templars-execrator-2-with-crozius-arcanum-and-absolvor-bolt-pistol/index.html (+0ms) 
14:37:42   ├─ /products/black-templars-high-marshal-helbrecht/index.html (+0ms) 
14:37:42   ├─ /products/black-templars-intercessor-with-bolt-rifle,-bolt-pistol-and-chainsword/index.html (+0ms) 
14:37:42   ├─ /products/black-templars-marshal-baldeckrath-1/index.html (+0ms) 
14:37:42   ├─ /products/black-templars-outriders-brother-valtus/index.html (+0ms) 
14:37:42   ├─ /products/black-templars-primaris-crusader-squad/index.html (+0ms) 
14:37:42   ├─ /products/black-templars-primaris-initiate-brother-raemont/index.html (+0ms) 
14:37:42   ├─ /products/black-templars-primaris-sword-brethren/index.html (+1ms) 
14:37:42   ├─ /products/black-templars-primaris-sword-brethren-eberwulf-1/index.html (+0ms) 
14:37:42   ├─ /products/black-templars-redemptor-dreadnought/index.html (+0ms) 
14:37:42   ├─ /products/black-templars-sword-brethren-brother-dragen/index.html (+0ms) 
14:37:42   ├─ /products/black-templars-sword-brethren-brother-lombast/index.html (+0ms) 
14:37:42   ├─ /products/black-templars-terminator-squad/index.html (+1ms) 
14:37:42   ├─ /products/black-templarsthe-emperors-champion-rolantus/index.html (+0ms) 
14:37:42   ├─ /products/blood-angels-aggressor-brother-marine-04/index.html (+0ms) 
14:37:42   ├─ /products/blood-angels-ancient-brother-leonid/index.html (+0ms) 
14:37:42   ├─ /products/blood-angels-angels-tears-squad/index.html (+0ms) 
14:37:42   ├─ /products/blood-angels-assault-terminators-brother-davinos/index.html (+1ms) 
14:37:42   ├─ /products/blood-angels-assault-terminators-brother-nassio/index.html (+0ms) 
14:37:42   ├─ /products/blood-angels-assault-terminators-brother-taelon/index.html (+0ms) 
14:37:42   ├─ /products/blood-angels-assault-terminators-brother-tyborel/index.html (+1ms) 
14:37:42   ├─ /products/blood-angels-assault-terminators-sergeant-santoro/index.html (+0ms) 
14:37:42   ├─ /products/blood-angels-captain-with-heavy-bolt-pistol-power-sword/index.html (+1ms) 
14:37:42   ├─ /products/blood-angels-captain-with-inferno-pistol-power-fist/index.html (+0ms) 
14:37:42   ├─ /products/blood-angels-commander-dante/index.html (+0ms) 
14:37:42   ├─ /products/blood-angels-commander-dante-1/index.html (+0ms) 
14:37:42   ├─ /products/blood-angels-contemptor-incaendius-dreadnought/index.html (+0ms) 
14:37:42   ├─ /products/blood-angels-crimson-paladins-squad/index.html (+0ms) 
14:37:42   ├─ /products/blood-angels-dawnbreaker-cohort/index.html (+0ms) 
14:37:42   ├─ /products/blood-angels-death-company-intercessors/index.html (+0ms) 
14:37:42   ├─ /products/blood-angels-dominion-zephon/index.html (+0ms) 
14:37:42   ├─ /products/blood-angels-furioso-dreadnought-brother-samel/index.html (+0ms) 
14:37:42   ├─ /products/blood-angels-intercessor-with-bolt-rifle,-bolt-pistol-and-chainsword/index.html (+0ms) 
14:37:42   ├─ /products/blood-angels-intercessors/index.html (+0ms) 
14:37:42   ├─ /products/blood-angels-intercessors-brother-marine-02/index.html (+0ms) 
14:37:42   ├─ /products/blood-angels-intercessors-brother-marine-03/index.html (+1ms) 
14:37:42   ├─ /products/blood-angels-jump-pack-squad/index.html (+0ms) 
14:37:42   ├─ /products/blood-angels-legion-praetor-in-tartaros-terminator-armour/index.html (+0ms) 
14:37:42   ├─ /products/blood-angels-legion-praetor-with-paragon-blade/index.html (+0ms) 
14:37:42   ├─ /products/blood-angels-lemartes-with-jump-pack,-blood-crozius-and-absolver-bolt-pistol/index.html (+0ms) 
14:37:42   ├─ /products/blood-angels-mephiston/index.html (+0ms) 
14:37:42   ├─ /products/blood-angels-mk-iii-tactical-legionary/index.html (+0ms) 
14:37:42   ├─ /products/blood-angels-mkvi-tactical-legionary/index.html (+0ms) 
14:37:42   ├─ /products/blood-angels-mkx-helmet/index.html (+0ms) 
14:37:42   ├─ /products/blood-angels-mkx-helmet-display-stand/index.html (+1ms) 
14:37:42   ├─ /products/blood-angels-predator-annihilator-with-twin-lascannons/index.html (+1ms) 
14:37:42   ├─ /products/blood-angels-primaris-lieutenant-tolmeron/index.html (+0ms) 
14:37:42   ├─ /products/blood-angels-raider-pattern-combat-bike-with-twin-linked-bolt-rifles/index.html (+0ms) 
14:37:42   ├─ /products/blood-angels-raldoron-first-captain-of-the-blood-angels/index.html (+0ms) 
14:37:42   ├─ /products/blood-angels-redemptor-dreadnought/index.html (+0ms) 
14:37:42   ├─ /products/blood-angels-sanguinary-guard-1/index.html (+1ms) 
14:37:42   ├─ /products/blood-angels-sanguinary-guard/index.html (+1ms) 
14:37:42   ├─ /products/blood-angels-sanguinary-priest-with-heavy-bolt-pistol,-chainsword-and-narthecium/index.html (+0ms) 
14:37:42   ├─ /products/blood-angels-sanguinius-primarch-of-the-ixth-legion/index.html (+0ms) 
14:37:42   ├─ /products/blood-angels-terminator-squad/index.html (+0ms) 
14:37:42   ├─ /products/blood-angels-the-sanguinor-with-encarmine-broadsword/index.html (+0ms) 
14:37:42   ├─ /products/blood-angels-veteran/index.html (+1ms) 
14:37:42   ├─ /products/blood-angels-veteran-alberigo/index.html (+0ms) 
14:37:42   ├─ /products/blood-angels-veteran-laenatus/index.html (+0ms) 
14:37:42   ├─ /products/blood-angels-veteran-salus/index.html (+0ms) 
14:37:42   ├─ /products/blood-angels-veteran-vigna/index.html (+0ms) 
14:37:42   ├─ /products/chaos-space-marine-d/index.html (+0ms) 
14:37:42   ├─ /products/chaos-space-marine-e/index.html (+1ms) 
14:37:42   ├─ /products/black-legion-brother-narghast/index.html (+0ms) 
14:37:42   ├─ /products/black-legion-brother-talas/index.html (+1ms) 
14:37:42   ├─ /products/chaos-space-marine-c/index.html (+0ms) 
14:37:42   ├─ /products/chaos-space-marines-black-legion-chaos-lord-in-terminator-armour/index.html (+0ms) 
14:37:42   ├─ /products/black-legion-chaos-lord-khalos-the-ravager/index.html (+0ms) 
14:37:42   ├─ /products/chaos-space-marines-black-legion-chosen/index.html (+1ms) 
14:37:42   ├─ /products/black-legion-havocs-champion-brother-slael/index.html (+0ms) 
14:37:42   ├─ /products/black-legion-havocs-marine-02/index.html (+0ms) 
14:37:42   ├─ /products/black-legion-havocs-marine-03/index.html (+0ms) 
14:37:42   ├─ /products/black-legion-havocs-marine-04/index.html (+0ms) 
14:37:42   ├─ /products/black-legion-havocs-marine-05/index.html (+1ms) 
14:37:42   ├─ /products/black-legion-helbrute/index.html (+0ms) 
14:37:42   ├─ /products/chaos-space-marines-crimson-slaughter-brother-karvult/index.html (+0ms) 
14:37:42   ├─ /products/chaos-space-marines-crimson-slaughter-brother-maganar/index.html (+1ms) 
14:37:42   ├─ /products/chaosspace-marines-crimson-slaughter-sorcerer-lord-in-terminator-armour/index.html (+0ms) 
14:37:42   ├─ /products/chaos-space-marines-cypher,lord-of-the-fallen/index.html (+0ms) 
14:37:42   ├─ /products/chaos-space-marines-red-corsairs-exalted-champion-gotor-the-blade/index.html (+0ms) 
14:37:42   ├─ /products/chaos-space-marines-word-bearers-chaos-terminator-garchak-vash/index.html (+1ms) 
14:37:42   ├─ /products/chaos-terminator-brother-bathalorr/index.html (+0ms) 
14:37:42   ├─ /products/chaos-terminator-brother-gnarl/index.html (+0ms) 
14:37:42   ├─ /products/chaos-terminator-brother-gornoth/index.html (+0ms) 
14:37:42   ├─ /products/dark-angels-belial,-grand-master-of-the-deathwing-with-the-sword-of-silence-and-storm-bolter/index.html (+1ms) 
14:37:42   ├─ /products/dark-angels-bladeguard-veteran/index.html (+0ms) 
14:37:42   ├─ /products/dark-angels-deathwing-knight-squad-1/index.html (+0ms) 
14:37:42   ├─ /products/dark-angels-deathwing-knight-squad/index.html (+0ms) 
14:37:42   ├─ /products/dark-angels-deathwing-action-figure/index.html (+1ms) 
14:37:42   ├─ /products/dark-angels-intercessor-with-bolt-rifle,-bolt-pistol-and-chainsword/index.html (+0ms) 
14:37:42   ├─ /products/dark-angels-intercessors-brother-asharr/index.html (+0ms) 
14:37:42   ├─ /products/dark-angels-intercessors-brother-nadael/index.html (+0ms) 
14:37:42   ├─ /products/dark-angels-intercessors-sergeant-caslan/index.html (+1ms) 
14:37:42   ├─ /products/dark-angels-intercessors-sergeant-rakiel/index.html (+0ms) 
14:37:42   ├─ /products/dark-angels-master-lazarus/index.html (+0ms) 
14:37:42   ├─ /products/dark-angels-master-with-power-fist/index.html (+0ms) 
14:37:42   ├─ /products/dark-angels-mkx-helmet/index.html (+0ms) 
14:37:42   ├─ /products/dark-angles-mkx-helmet-display-stand/index.html (+0ms) 
14:37:42   ├─ /products/dark-angels-primarch-lion-eljonson/index.html (+1ms) 
14:37:42   ├─ /products/dark-angels-supreme-grand-master-azrael/index.html (+0ms) 
14:37:42   ├─ /products/dark-angels-terminator-squad/index.html (+0ms) 
14:37:42   ├─ /products/death-guard-biologus-putrifier-with-injector-pistol-and-hyper-blight-grenades/index.html (+0ms) 
14:37:42   ├─ /products/death-guard-blightlord-terminator-squad/index.html (+0ms) 
14:37:42   ├─ /products/death-guard-deathshroud-terminator-1-with-manreaper-and-plaguespurter-gauntlet/index.html (+0ms) 
14:37:42   ├─ /products/death-guard-deathshroud-terminator-2-with-manreaper-and-plaguespurter-gauntlet/index.html (+0ms) 
14:37:42   ├─ /products/death-guard-deathshroud-terminators/index.html (+0ms) 
14:37:42   ├─ /products/death-guard-deathshroud-terminators-champion-with-manreaper-and-plaguespurter-gauntlets/index.html (+1ms) 
14:37:42   ├─ /products/death-guard-foul-blightspawn-with-plague-sprayer/index.html (+2ms) 
14:37:42   ├─ /products/death-guard-lord-of-virulence-with-power-fist-and-twin-plague-spewer/index.html (+1ms) 
14:37:42   ├─ /products/death-guard-plague-marine-champion-with-plasma-pistol-and-power-fist/index.html (+1ms) 
14:37:42   ├─ /products/death-guard-plague-marine-lcon-bearer-with-boltgun-and-plague-knife/index.html (+0ms) 
14:37:42   ├─ /products/death-guard-plague-marine-with-bubotic-axe-and-plague-knife/index.html (+0ms) 
14:37:42   ├─ /products/death-guard-tallyman-with-plasma-pistol/index.html (+0ms) 
14:37:42   ├─ /products/game-edition-blood-angels-heavy-intercessor-with-heavy-bolt-rifle-and-bolt-pistol/index.html (+1ms) 
14:37:42   ├─ /products/game-edition-black-templars-heavy-intercessor-with-heavy-bolt-rifle-and-bolt-pistol/index.html (+0ms) 
14:37:42   ├─ /products/game-edition-dark-angels-heavy-intercessor-with-heavy-bolt-rifle-and-bolt-pistol/index.html (+0ms) 
14:37:42   ├─ /products/game-edition-imperial-fists-heavy-intercessor-with-heavy-bolt-rifle-and-bolt-pistol/index.html (+1ms) 
14:37:42   ├─ /products/game-edition-iron-hands-heavy-intercessor-with-heavy-bolt-rifle-and-bolt-pistol/index.html (+1ms) 
14:37:42   ├─ /products/game-edition-raven-guard-heavy-intercessor-with-heavy-bolt-rifle-and-bolt-pistol/index.html (+0ms) 
14:37:42   ├─ /products/game-edition-salamanders-heavy-intercessor-with-heavy-bolt-rifle-and-bolt-pistol/index.html (+0ms) 
14:37:42   ├─ /products/game-edition-space-wolves-heavy-intercessor-with-heavy-bolt-rifle-and-bolt-pistol/index.html (+0ms) 
14:37:42   ├─ /products/game-edition-ultramarines-assault-intercessor/index.html (+0ms) 
14:37:42   ├─ /products/game-edition-ultramarines-heavy-intercessor-with-heavy-bolt-rifle-and-bolt-pistol/index.html (+1ms) 
14:37:42   ├─ /products/game-edition-white-scars-assault-intercessor-champion/index.html (+0ms) 
14:37:42   ├─ /products/game-edition-white-scars-heavy-intercessor-with-heavy-bolt-rifle-and-bolt-pistol/index.html (+0ms) 
14:37:42   ├─ /products/grey-knights-castellan-crowe/index.html (+0ms) 
14:37:42   ├─ /products/grey-knights-grand-master-voldus/index.html (+0ms) 
14:37:42   ├─ /products/grey-knights-interceptor-squad/index.html (+0ms) 
14:37:42   ├─ /products/grey-knights-kaldor-draigo/index.html (+0ms) 
14:37:42   ├─ /products/grey-knights-nemesis-dreadknight/index.html (+0ms) 
14:37:42   ├─ /products/grey-knights-nemesis-dreadknight-including-action-figures/index.html (+0ms) 
14:37:42   ├─ /products/grey-knights-strike-squad/index.html (+0ms) 
14:37:42   ├─ /products/grey-knights-terminator-caddon-vibova/index.html (+0ms) 
14:37:42   ├─ /products/grey-knights-terminator-incanus-neodan/index.html (+1ms) 
14:37:42   ├─ /products/grey-knights-terminator-jaric-thule/index.html (+0ms) 
14:37:42   ├─ /products/grey-knights-terminator-retius-akantar/index.html (+0ms) 
14:37:42   ├─ /products/heroes-of-the-chapter-primaris-lieutenant-erastus/index.html (+0ms) 
14:37:42   ├─ /products/imperial-fist-mkvi-tactical-legionary/index.html (+0ms) 
14:37:42   ├─ /products/imperial-fists-rogal-dorn/index.html (+0ms) 
14:37:42   ├─ /products/imperial-fists-contemptor-dreadnought/index.html (+0ms) 
14:37:42   ├─ /products/imperial-fists-darnath-lysander-with-thunder-hammer-and-storm-shield/index.html (+0ms) 
14:37:42   ├─ /products/imperial-fists-fafnir-rann/index.html (+0ms) 
14:37:42   ├─ /products/imperial-fists-heavy-intercessors/index.html (+0ms) 
14:37:42   ├─ /products/imperial-fists-heavy-intercessors-1/index.html (+0ms) 
14:37:42   ├─ /products/imperial-fists-intercessor-with-bolt-rifle,-bolt-pistol-and-chainsword/index.html (+0ms) 
14:37:42   ├─ /products/imperial-fists-intercessors/index.html (+0ms) 
14:37:42   ├─ /products/imperial-fists-legion-apothecary/index.html (+0ms) 
14:37:42   ├─ /products/imperial-fists-legion-cataphractii-terminator-squad/index.html (+0ms) 
14:37:42   ├─ /products/imperial-fists-legion-chaplain-consul/index.html (+1ms) 
14:37:42   ├─ /products/imperial-fists-legion-praetor-in-mk-iii-armour/index.html (+0ms) 
14:37:42   ├─ /products/imperial-fists-legion-praetor-in-tartaros-terminator-armour-with-power-sword-and-vigil-storm-shield/index.html (+0ms) 
14:37:42   ├─ /products/imperial-fists-legion-praetor-with-power-sword/index.html (+0ms) 
14:37:42   ├─ /products/imperial-fists-leviathan-dreadnought-with-cyclonic-melta-lance-and-storm-cannon/index.html (+1ms) 
14:37:42   ├─ /products/imperial-fists-librarian-consul-with-force-axe-and-bolt-pistol/index.html (+0ms) 
14:37:42   ├─ /products/imperial-fists-lieutenant-with-power-sword/index.html (+0ms) 
14:37:42   ├─ /products/imperial-fists-lord-castellan-evander-garrius-the-tyrant-of-cthonia/index.html (+0ms) 
14:37:42   ├─ /products/imperial-fists-mk-iii-tactical-legionary/index.html (+0ms) 
14:37:42   ├─ /products/imperial-fists-mklli-tacticallegionaries/index.html (+1ms) 
14:37:42   ├─ /products/imperial-fists-mklll-breacher-legionaries/index.html (+0ms) 
14:37:42   ├─ /products/imperial-fists-mklll-despoiler-legionaries/index.html (+0ms) 
14:37:42   ├─ /products/imperial-fists-primaris-captain/index.html (+0ms) 
14:37:42   ├─ /products/imperial-fists-primaris-invader-atv/index.html (+0ms) 
14:37:42   ├─ /products/imperial-fists-raider-pattern-combat-bike/index.html (+0ms) 
14:37:42   ├─ /products/imperial-fists-redemptor-dreadnought/index.html (+0ms) 
14:37:42   ├─ /products/imperial-fists-sigismund/index.html (+0ms) 
14:37:42   ├─ /products/imperial-fists-terminator-squad/index.html (+0ms) 
14:37:42   ├─ /products/imperial-fists-third-captain-tor-garadon/index.html (+0ms) 
14:37:42   ├─ /products/imperial-fists-veteran-brother-thracius/index.html (+0ms) 
14:37:42   ├─ /products/imperial-knights-house-raven-knight-errant/index.html (+0ms) 
14:37:42   ├─ /products/imperial-knights-house-terryn-knight-paladin/index.html (+0ms) 
14:37:42   ├─ /products/imperiar-fists-aggressor-brother-sergeant-lycias/index.html (+0ms) 
14:37:42   ├─ /products/imperiar-fists-intercessors-brother-marine-02/index.html (+0ms) 
14:37:42   ├─ /products/imperiar-fists-intercessors-brother-sergeant-sevito/index.html (+0ms) 
14:37:42   ├─ /products/imperiar-fists-intercessors-primaris-lieutenant-naviaz/index.html (+0ms) 
14:37:42   ├─ /products/invictor-tactical-warsuit/index.html (+1ms) 
14:37:42   ├─ /products/iron-hands-assault-intercessors-sergeant-kalock/index.html (+0ms) 
14:37:42   ├─ /products/iron-hands-captain-in-terminator-armour/index.html (+0ms) 
14:37:42   ├─ /products/iron-hands-intercessor-with-bolt-rifle,-bolt-pistol-and-chainsword/index.html (+0ms) 
14:37:42   ├─ /products/iron-hands-intercessors-brother-gravak-1/index.html (+0ms) 
14:37:42   ├─ /products/iron-hands-intercessors-brother-gravak/index.html (+0ms) 
14:37:42   ├─ /products/iron-hands-intercessors-sergeant-bantus/index.html (+0ms) 
14:37:42   ├─ /products/iron-hands-lron-father-feirros/index.html (+0ms) 
14:37:42   ├─ /products/iron-warriors-centurion-with-heavy-power-maul-and-combi-melta/index.html (+1ms) 
14:37:42   ├─ /products/iron-warriors-command-squad-chosen-with-legion-standard/index.html (+0ms) 
14:37:42   ├─ /products/iron-warriors-iron-circle-domitar-ferrum-class-battle-automata-with-karceri-battle-shield-and-graviton-crusher/index.html (+0ms) 
14:37:42   ├─ /products/iron-warriors-legion-praevian-with-bolt-pistol/index.html (+0ms) 
14:37:42   ├─ /products/iron-warriors-mkll-assault-legionary-1-with-bolt-pistol,chain-axe-combat-shield/index.html (+0ms) 
14:37:42   ├─ /products/iron-warriors-mkll-assault-legionary-2-with-bolt-pistol-heavy-chain-axe/index.html (+0ms) 
14:37:42   ├─ /products/iron-warriors-mkll-assault-sergeant-with-disintegrator-pistol,power-maul-combat-shield/index.html (+0ms) 
14:37:42   ├─ /products/iron-warriors-mkll-legionary-1-with-vexilla,bolter-and-bolt-pistol/index.html (+1ms) 
14:37:42   ├─ /products/iron-warriors-mkll-legionary-2-with-bolter-and-bolt-pistol/index.html (+0ms) 
14:37:42   ├─ /products/iron-warriors-mkll-legionary-3-with-bolter-and-bolt-pistol/index.html (+0ms) 
14:37:42   ├─ /products/iron-warriors-mkll-tactical-sergeant-with-power-sword,bolt-pistol-and-plasma-pistol/index.html (+1ms) 
14:37:42   ├─ /products/iron-warriors-mklll-tactical-squad/index.html (+1ms) 
14:37:42   ├─ /products/iron-warriors-mkvl-tactical-sergeant-with-power-sword-and-plasma-pistol/index.html (+0ms) 
14:37:42   ├─ /products/iron-warriors-perturabo,primarch-of-the-ivth-legion/index.html (+1ms) 
14:37:42   ├─ /products/iron-warriors-tyrant-siege-terminator-squad/index.html (+1ms) 
14:37:42   ├─ /products/lron-warriors-warsmith-with-graviton-crusher-hammer/index.html (+0ms) 
14:37:42   ├─ /products/kof98um-art-of-fighting-team/index.html (+0ms) 
14:37:42   ├─ /products/legio-custodes-aquilon-terminator-squad/index.html (+0ms) 
14:37:42   ├─ /products/legio-custodes-constantin-valdor-captain-general-of-the-legio-custodes/index.html (+0ms) 
14:37:42   ├─ /products/legio-custodes-contemptor-achillus-dreadnought/index.html (+0ms) 
14:37:42   ├─ /products/legio-custodes-contemptor-galatus-dreadnought/index.html (+0ms) 
14:37:42   ├─ /products/legio-custodescustodian-venatari-squad/index.html (+1ms) 
14:37:42   ├─ /products/mkvi-tactical-legion-squad/index.html (+0ms) 
14:37:42   ├─ /products/mortarion,daemon-primarch-of-nurgle-with-ancient-weapons-the-lantern-and-silence/index.html (+0ms) 
14:37:42   ├─ /products/necrons-sautekh-dynasty-deathmark/index.html (+0ms) 
14:37:42   ├─ /products/necrons-sautekh-dynasty-immortal-with-gauss-blaster/index.html (+0ms) 
14:37:42   ├─ /products/necrons-sautekh-dynasty-immortal-with-tesla-carbine/index.html (+0ms) 
14:37:42   ├─ /products/necrons-szarekhan-dynasty-deathmark/index.html (+0ms) 
14:37:42   ├─ /products/necrons-szarekhan-dynasty-lmmortal-with-gauss-blaster/index.html (+0ms) 
14:37:42   ├─ /products/necrons-szarekhan-dynasty-lmmortal-with-tesla-carbine/index.html (+0ms) 
14:37:42   ├─ /products/necrons-szarekhan-dynasty-overlord/index.html (+0ms) 
14:37:42   ├─ /products/night-lords-contekar-terminator-1/index.html (+0ms) 
14:37:42   ├─ /products/night-lords-contekar-terminator-2/index.html (+0ms) 
14:37:42   ├─ /products/night-lords-contekar-terminator-dissident/index.html (+0ms) 
14:37:42   ├─ /products/night-lords-konrad-curze-primarch-of-the-night-lords-legion/index.html (+1ms) 
14:37:42   ├─ /products/night-lords-legion-praetor-in-tartaros-terminator-armour-1/index.html (+0ms) 
14:37:42   ├─ /products/night-lords-legion-praetor-in-tartaros-terminator-armour/index.html (+0ms) 
14:37:42   ├─ /products/night-lords-mk-iii-tactical-legionary-with-bolter-and-bolt-pistol/index.html (+0ms) 
14:37:42   ├─ /products/night-lords-mkvi-tactical-legionary/index.html (+0ms) 
14:37:42   ├─ /products/night-lords-naight-raptor-3/index.html (+1ms) 
14:37:42   ├─ /products/night-lords-night-raptor-1/index.html (+0ms) 
14:37:42   ├─ /products/night-lords-night-raptor-2/index.html (+0ms) 
14:37:42   ├─ /products/night-lords-night-raptor-huntmaster/index.html (+0ms) 
14:37:42   ├─ /products/night-lords-sevatar,-first-captain-of-the-night-lords-the-prince-of-crows/index.html (+0ms) 
14:37:42   ├─ /products/ork-kommandos-burna-boy-ragrob/index.html (+0ms) 
14:37:42   ├─ /products/ork-kommandos-comms-boy-wagzuk-1/index.html (+0ms) 
14:37:42   ├─ /products/ork-kommandos-dakka-boy-rotbilge/index.html (+0ms) 
14:37:42   ├─ /products/ork-kommandos-dakka-boy-snarit/index.html (+1ms) 
14:37:42   ├─ /products/ork-kommandos-nob-nazbog/index.html (+0ms) 
14:37:42   ├─ /products/ork-kommandos-comms-boy-wagzuk/index.html (+0ms) 
14:37:42   ├─ /products/orks-squighog-nob-on-smasha-squig/index.html (+0ms) 
14:37:42   ├─ /products/pmaris-space-marines-imperial-fists-bladeguard-veteran/index.html (+0ms) 
14:37:42   ├─ /products/pmaris-space-marines-space-wolve-bladeguard-veteran/index.html (+0ms) 
14:37:42   ├─ /products/primaris-captain-sidonicus/index.html (+0ms) 
14:37:42   ├─ /products/primaris-librarian/index.html (+0ms) 
14:37:42   ├─ /products/primaris-lieutenant-amulius/index.html (+0ms) 
14:37:42   ├─ /products/primaris-space-marines-bladeguard-veteran/index.html (+0ms) 
14:37:42   ├─ /products/raven-guard-chapter-master-aethon-shaan-with-claws-of-severax/index.html (+0ms) 
14:37:42   ├─ /products/raven-guard-chapter-master-kayvaan-shrike/index.html (+1ms) 
14:37:42   ├─ /products/raven-guard-contemptor-dreadnought-with-gravis-autocannon-and-chainfist/index.html (+0ms) 
14:37:42   ├─ /products/raven-guard-corvus-corax,primarch-of-the-xix-legion-with-artificer-crafted-lightning-talons,archaeotech-pistols,and-whip/index.html (+0ms) 
14:37:42   ├─ /products/raven-guard-dark-fury-with-lightning-claws/index.html (+0ms) 
14:37:42   ├─ /products/raven-guard-dark-fury,-chooser-of-the-slain-with-ravens-talon-claws/index.html (+0ms) 
14:37:42   ├─ /products/raven-guard-intercessor-with-bolt-rifle,-bolt-pistol-and-chainsword/index.html (+0ms) 
14:37:42   ├─ /products/raven-guard-intercessors-brother-colvane/index.html (+0ms) 
14:37:42   ├─ /products/raven-guard-intercessors-brother-nax/index.html (+0ms) 
14:37:42   ├─ /products/raven-guard-intercessors-sergeant-ashan/index.html (+0ms) 
14:37:42   ├─ /products/raven-guard-intercessors-sergeant-rychas/index.html (+0ms) 
14:37:42   ├─ /products/raven-guard-kaedes-nex-the-blood-crow/index.html (+0ms) 
14:37:42   ├─ /products/raven-guard-mk-ill-tactical-legionary-with-bolter-and-bolt-pistol/index.html (+0ms) 
14:37:42   ├─ /products/raven-guard-mkvl-tactical-sergeant-with-power-sword,-bolter-and-plasma-pistol/index.html (+0ms) 
14:37:42   ├─ /products/raven-guard-mor-deythan-shade-with-nemesis-bolt-rifle/index.html (+0ms) 
14:37:42   ├─ /products/raven-guard-mor-deythan-with-nemesis-bolt-rifle/index.html (+0ms) 
14:37:42   ├─ /products/raven-guard-raider-pattern-combat-bike-with-twin-linked-bolt-rifles/index.html (+0ms) 
14:37:42   ├─ /products/raven-guard-terminator-squad/index.html (+0ms) 
14:37:42   ├─ /products/salamanders-assault-intercessors-sergeant-krajax/index.html (+0ms) 
14:37:42   ├─ /products/salamanders-bladeguard-veteran/index.html (+0ms) 
14:37:42   ├─ /products/salamanders-captain-adrax-agatone/index.html (+0ms) 
14:37:42   ├─ /products/salamanders-eradicators-brother-tkren/index.html (+0ms) 
14:37:42   ├─ /products/salamanders-eradicators-brother-xavak/index.html (+0ms) 
14:37:42   ├─ /products/salamanders-eradicators-sergeant-bragar/index.html (+0ms) 
14:37:42   ├─ /products/salamanders-firedrake-terminator-1-with-thunder-hammer-and-dragonscale-storm-shield/index.html (+0ms) 
14:37:42   ├─ /products/salamanders-firedrake-terminator-2-with-thunder-hammer-and-dragonscale-storm-shield/index.html (+0ms) 
14:37:42   ├─ /products/salamanders-intercessor-with-bolt-rifle,-bolt-pistol-and-chainsword/index.html (+0ms) 
14:37:42   ├─ /products/salamanders-intercessors-brother-haecule/index.html (+0ms) 
14:37:42   ├─ /products/salamanders-intercessors-brother-tolvak/index.html (+0ms) 
14:37:42   ├─ /products/salamanders-intercessors-sergeant-tsekgan/index.html (+0ms) 
14:37:42   ├─ /products/salamanders-mk-ill-tactical-legionary-with-plasma-pistol-and-bolt-pistol/index.html (+0ms) 
14:37:42   ├─ /products/salamanders-mkvi-tactical-legionary/index.html (+0ms) 
14:37:42   ├─ /products/salamanders-terminator-squad/index.html (+0ms) 
14:37:42   ├─ /products/salamanders-vulkan-hestan,the-forgefather/index.html (+0ms) 
14:37:42   ├─ /products/sisters-of-silence-argent-lynx-vigilator-cadre/index.html (+0ms) 
14:37:42   ├─ /products/sisters-of-silence-white-falcons-vigilator-cadre/index.html (+0ms) 
14:37:42   ├─ /products/sons-of-horus-contemptor-dreadnought-with-gravis-autocannon/index.html (+1ms) 
14:37:42   ├─ /products/sons-of-horus-dark-emissary-consul-with-staff-of-dark-authority/index.html (+0ms) 
14:37:42   ├─ /products/ezekyle-abaddon-first-captain-of-the-xvith-legion/index.html (+0ms) 
14:37:42   ├─ /products/sons-of-horus-justaerin-terminator-squad/index.html (+0ms) 
14:37:42   ├─ /products/sons-of-horus-legion-apothecary/index.html (+0ms) 
14:37:42   ├─ /products/sons-of-horus-legion-cataphractii-praetor-with-combi-melta-and-power-maul/index.html (+0ms) 
14:37:42   ├─ /products/sons-of-horus-legion-champion/index.html (+0ms) 
14:37:42   ├─ /products/sons-of-horus-legion-praetor-in-cataphractii-terminator-armour/index.html (+0ms) 
14:37:42   ├─ /products/sons-of-horus-legion-praetor-with-power-axe/index.html (+0ms) 
14:37:42   ├─ /products/sons-of-horus-legion-praetor-with-power-fist/index.html (+1ms) 
14:37:42   ├─ /products/sons-of-horus-legion-scimitar-jetbike-with-heavy-bolter/index.html (+0ms) 
14:37:42   ├─ /products/sons-of-horus-leviathan-dreadnought-with-siege-drills/index.html (+0ms) 
14:37:42   ├─ /products/sons-of-horus-maloghurst-the-twisted-the-warmasters-equerry/index.html (+0ms) 
14:37:42   ├─ /products/sons-of-horus-mk-iii-tactical-legionary/index.html (+0ms) 
14:37:42   ├─ /products/sons-of-horus-mkiv-tactical-squad/index.html (+0ms) 
14:37:42   ├─ /products/sons-of-horus-mkvi-tactical-legionary/index.html (+0ms) 
14:37:42   ├─ /products/sons-of-horus-mkvi-tactical-squad/index.html (+0ms) 
14:37:42   ├─ /products/sons-of-horus-siege-breaker/index.html (+0ms) 
14:37:42   ├─ /products/sons-of-horus-tartaros-terminator-squad/index.html (+0ms) 
14:37:42   ├─ /products/sons-of-horus-tybalt-marr-captain-of-the-18th-company/index.html (+0ms) 
14:37:42   ├─ /products/sons-of-horus-vheren-ashurhaddon-master-of-the-true-sons-with-the-axe-serpentis/index.html (+1ms) 
14:37:42   ├─ /products/warmaster-horus-primarch-of-the-xvith-legion/index.html (+1ms) 
14:37:42   ├─ /products/sons-of-horus-‘little’-horus-aximand,captain-of-the-5th-company/index.html (+1ms) 
14:37:42   ├─ /products/black-templars-outriders/index.html (+1ms) 
14:37:42   ├─ /products/space-marines-grey-knights-venerable-dreadnought/index.html (+0ms) 
14:37:42   ├─ /products/space-marines-intercessor-armouring-hall-edition/index.html (+1ms) 
14:37:42   ├─ /products/space-marines-space-wolves-claw-pack/index.html (+0ms) 
14:37:42   ├─ /products/space-marines-space-wolves-venerable-dreadnought-brother-hvor/index.html (+1ms) 
14:37:42   ├─ /products/white-consuls-captain-messinius/index.html (+1ms) 
14:37:42   ├─ /products/space-marines-white-consuls-intercessors-1/index.html (+0ms) 
14:37:42   ├─ /products/space-marines-white-consuls-intercessors-2/index.html (+1ms) 
14:37:42   ├─ /products/space-wolves-arjac-rockfist/index.html (+1ms) 
14:37:42   ├─ /products/space-wolves-battle-hunter-pack/index.html (+0ms) 
14:37:42   ├─ /products/space-wolves-battle-pack-invictor-warsuit/index.html (+0ms) 
14:37:42   ├─ /products/space-wolves-bjorn-the-fell-handed/index.html (+1ms) 
14:37:42   ├─ /products/space-wolves-claw-pack-brother-gunnar/index.html (+1ms) 
14:37:42   ├─ /products/space-wolves-claw-pack-brother-olaf/index.html (+0ms) 
14:37:42   ├─ /products/space-wolves-claw-pack-brother-torrvald/index.html (+1ms) 
14:37:42   ├─ /products/space-wolves-claw-pack-pack-leader-logan-ghostwolf/index.html (+1ms) 
14:37:42   ├─ /products/space-wolves-claw-pack-sigyrr-stoneshield/index.html (+1ms) 
14:37:42   ├─ /products/space-wolves-contemptor-dreadnought-with-gravis-bolt-cannon/index.html (+0ms) 
14:37:42   ├─ /products/space-wolves-deathsworn-pack/index.html (+1ms) 
14:37:42   ├─ /products/space-wolves-geigor-fell-hand/index.html (+0ms) 
14:37:42   ├─ /products/space-wolves-grey-slayer-pack/index.html (+1ms) 
14:37:42   ├─ /products/space-wolves-hvarl-red-blade/index.html (+1ms) 
14:37:42   ├─ /products/space-wolves-intercessor-with-bolt-rifle,-bolt-pistol-and-chainsword/index.html (+1ms) 
14:37:42   ├─ /products/space-wolves-intercessors/index.html (+1ms) 
14:37:42   ├─ /products/space-wolves-iron-priest-jorin-fellhammer/index.html (+1ms) 
14:37:42   ├─ /products/space-wolves-legion-praetor-with-power-axe-and-combat-shield/index.html (+0ms) 
14:37:42   ├─ /products/space-wolves-leman-russ/index.html (+0ms) 
14:37:42   ├─ /products/space-wolves-mk-iii-tactical-legionary/index.html (+0ms) 
14:37:42   ├─ /products/space-wolves-mkvi-tactical-legionary/index.html (+0ms) 
14:37:42   ├─ /products/space-wolves-ragnar-blackmane/index.html (+2ms) 
14:37:42   ├─ /products/space-wolves-raider-pattern-combat-bike-with-twin-linked-bolt-rifles/index.html (+2ms) 
14:37:42   ├─ /products/space-wolves-thunderwolf-cavalry-bjane/index.html (+1ms) 
14:37:42   ├─ /products/space-wolves-thunderwolf-cavalry-frode/index.html (+1ms) 
14:37:42   ├─ /products/space-wolves-varagyr-wolf-guard-squad/index.html (+1ms) 
14:37:42   ├─ /products/space-wolves-wolf-priest-with-absolvor-bolt-pistol-and-crozius/index.html (+1ms) 
14:37:42   ├─ /products/stormcast-eternalsthe-blacktalons/index.html (+1ms) 
14:37:42   ├─ /products/tau-empire-commander-shadowsun/index.html (+1ms) 
14:37:42   ├─ /products/tau-empire-fire-warrior/index.html (+1ms) 
14:37:42   ├─ /products/tau-empire-xv8-crisis-battlesuit-02/index.html (+1ms) 
14:37:42   ├─ /products/tau-empire-xv8-crisis-battlesuit-01/index.html (+1ms) 
14:37:42   ├─ /products/thousand-sons-ahzek-ahriman/index.html (+2ms) 
14:37:42   ├─ /products/thousand-sons-contemptor-osiron-dreadnought-with-gravis-force-blade-and-gravis-autocannon/index.html (+1ms) 
14:37:42   ├─ /products/thousand-sons-khenetai-occult-cabal/index.html (+1ms) 
14:37:42   ├─ /products/thousand-sons-legion-librarian-consul/index.html (+0ms) 
14:37:42   ├─ /products/thousand-sons-legion-mk-iv-tactical-squad/index.html (+1ms) 
14:37:42   ├─ /products/thousand-sons-legion-praetor-in-cataphractii-terminator-armour/index.html (+0ms) 
14:37:42   ├─ /products/thousand-sons-magistus-amon/index.html (+0ms) 
14:37:42   ├─ /products/thousand-sons-magnus-the-red/index.html (+1ms) 
14:37:42   ├─ /products/thousand-sons-mk-iii-tactical-legionary/index.html (+1ms) 
14:37:42   ├─ /products/thousand-sons-mkvi-tactical-legionary/index.html (+0ms) 
14:37:42   ├─ /products/thousand-sons-sekhmet-terminator-cabal/index.html (+1ms) 
14:37:42   ├─ /products/tyranids-hive-fleet-leviathan-hormagaunt-brood/index.html (+0ms) 
14:37:42   ├─ /products/tyranids-hive-fleet-leviathan-ripper/index.html (+0ms) 
14:37:42   ├─ /products/tyranids-hive-fleet-leviathan-termagant/index.html (+0ms) 
14:37:42   ├─ /products/tyranids-hive-fleet-leviathan-termagant-with-fleshborer-3-pack/index.html (+0ms) 
14:37:42   ├─ /products/tyranids-hive-fleet-leviathan-tyranid-warrior-with-boneswordg/index.html (+0ms) 
14:37:42   ├─ /products/tyranids-hive-fleet-leviathan-tyranid-warrior-with-boneswords-2/index.html (+0ms) 
14:37:42   ├─ /products/ultramarines-primaris-captain-with-power-sword-and-plasma-pistol/index.html (+0ms) 
14:37:42   ├─ /products/ultramarines-aggressors/index.html (+0ms) 
14:37:42   ├─ /products/ultramarines-apothecary-biologis/index.html (+0ms) 
14:37:42   ├─ /products/ultramarines-bladeguard-ancient/index.html (+0ms) 
14:37:42   ├─ /products/ultramarines-bladeguard-veteran-02/index.html (+1ms) 
14:37:42   ├─ /products/ultramarines-bladeguard-veteran-03/index.html (+0ms) 
14:37:42   ├─ /products/ultramarines-bladeguard-veteran-brother-sergeant-proximo/index.html (+0ms) 
14:37:42   ├─ /products/ultramarines-bladeguard-veterans/index.html (+0ms) 
14:37:42   ├─ /products/ultramarines-brother-chairon/index.html (+0ms) 
14:37:42   ├─ /products/ultramarines-brother-chairon-collectors-edition/index.html (+0ms) 
14:37:42   ├─ /products/ultramarines-captain-in-gravis-armour/index.html (+0ms) 
14:37:42   ├─ /products/ultramarines-captain-in-terminator-armour/index.html (+0ms) 
14:37:42   ├─ /products/ultramarines-captain-mkx-helmet/index.html (+0ms) 
14:37:42   ├─ /products/ultramarines-captain-mkx-helmet-display-stand/index.html (+1ms) 
14:37:42   ├─ /products/ultramarines-captain-with-jump-pack/index.html (+0ms) 
14:37:42   ├─ /products/ultramarines-captain-with-jump-pack-and-relic-shield/index.html (+0ms) 
14:37:42   ├─ /products/ultramarines-captain-with-master-crafted-heavy-bolt-rifle/index.html (+0ms) 
14:37:42   ├─ /products/ultramarines-cataphractii-terminator-squad/index.html (+0ms) 
14:37:42   ├─ /products/ultramarines-chaplain-in-terminator-armour/index.html (+0ms) 
14:37:42   ├─ /products/ultramarines-chaplainindomitus/index.html (+0ms) 
14:37:42   ├─ /products/ultramarines-chapter-master-marneus-calgar/index.html (+0ms) 
14:37:42   ├─ /products/ultramarines-chief-librarian-tigurius/index.html (+0ms) 
14:37:42   ├─ /products/ultramarines-desolation-sergeant-with-vengor-launcher/index.html (+0ms) 
14:37:42   ├─ /products/ultramarines-ferren-areios-with-thunder-hammer-and-bolt-pistol/index.html (+0ms) 
14:37:42   ├─ /products/ultramarines-heavy-artificer-armor-with-relic-multi-melta/index.html (+0ms) 
14:37:42   ├─ /products/ultramarines-heavy-relic-primus-armor-with-heavy-relic-bolt-rifle/index.html (+0ms) 
14:37:42   ├─ /products/ultramarines-hellblasters-brother-paxor/index.html (+0ms) 
14:37:42   ├─ /products/ultramarines-hellblasters-brother-torsus/index.html (+0ms) 
14:37:42   ├─ /products/ultramarines-hellblasters-sergeant-ulaxes/index.html (+0ms) 
14:37:42   ├─ /products/ultramarines-heroes-of-the-chapter-brother-veteran-sergeant-castor/index.html (+0ms) 
14:37:42   ├─ /products/ultramarines-heroes-of-the-chapter-primaris-ancient-posca/index.html (+0ms) 
14:37:42   ├─ /products/ultramarines-honour-guard-1/index.html (+0ms) 
14:37:42   ├─ /products/ultramarines-honour-guard-2/index.html (+0ms) 
14:37:42   ├─ /products/ultramarines-honour-guard-chapter-ancient/index.html (+1ms) 
14:37:42   ├─ /products/ultramarines-honour-guard-chapter-champion/index.html (+0ms) 
14:37:42   ├─ /products/ultramarines-incursors/index.html (+0ms) 
14:37:42   ├─ /products/ultramarines-infiltrators/index.html (+0ms) 
14:37:42   ├─ /products/ultramarines-intercessor-veteran-sergeant-brother-aeontas/index.html (+0ms) 
14:37:42   ├─ /products/ultramarines-intercessor-with-bolt-rifle,-bolt-pistol-and-chainsword/index.html (+0ms) 
14:37:42   ├─ /products/ultramarines-intercessors/index.html (+0ms) 
14:37:42   ├─ /products/ultramarines-invictarus-suzerain-squad/index.html (+0ms) 
14:37:42   ├─ /products/ultramarines-judiciar/index.html (+0ms) 
14:37:42   ├─ /products/ultramarines-jump-pack-intercessors-squad/index.html (+0ms) 
14:37:42   ├─ /products/ultramarines-legion-praetor-with-power-sword-and-volkite-serpenta/index.html (+0ms) 
14:37:42   ├─ /products/ultramarines-levantus-with-power-sword,stormshield-and-bolt-pistol/index.html (+0ms) 
14:37:42   ├─ /products/ultramarines-leviathan-dreadnought-with-cyclonic-melta-lance-and-siege-claw/index.html (+0ms) 
14:37:42   ├─ /products/ultramarines-librarian-in-terminator-armour/index.html (+0ms) 
14:37:42   ├─ /products/ultramarines-lieutenant-titus/index.html (+0ms) 
14:37:42   ├─ /products/ultramarines-lieutenant-titus-mkx-helmet/index.html (+0ms) 
14:37:42   ├─ /products/ultramarines-lieutenant-titus-mkx-helmet-display-stand/index.html (+0ms) 
14:37:42   ├─ /products/ultramarines-lieutenant-titus-collectors-edition/index.html (+0ms) 
14:37:42   ├─ /products/ultramarines-lieutenant-with-power-fist/index.html (+0ms) 
14:37:42   ├─ /products/ultramarines-marneus-calgar-chapter-master-with-mkx-gravis-armour-and-gauntlets-of-ultramar/index.html (+0ms) 
14:37:42   ├─ /products/ultramarines-metaurus-with-power-axe,-stormshield-and-plasma-pistol/index.html (+0ms) 
14:37:42   ├─ /products/ultramarines-mk-iii-tactical-legionary/index.html (+0ms) 
14:37:42   ├─ /products/ultramarines-mkiii-legionaries/index.html (+1ms) 
14:37:42   ├─ /products/ultramarines-mkvi-tactical-legionary/index.html (+0ms) 
14:37:42   ├─ /products/ultramarines-mkvi-tactical-squad/index.html (+0ms) 
14:37:42   ├─ /products/ultramarines-outriders/index.html (+0ms) 
14:37:42   ├─ /products/ultramarines-outriders-brother-catonus/index.html (+0ms) 
14:37:42   ├─ /products/ultramarines-predator-destructor-with-turret-mounted-autocannon-and-sponson-mounted-heavy-bolters/index.html (+1ms) 
14:37:42   ├─ /products/ultramarines-primarch-roboute-guilliman/index.html (+0ms) 
14:37:42   ├─ /products/ultramarines-primaris-assault-veteran-intercessor/index.html (+0ms) 
14:37:42   ├─ /products/ultramarines-primaris-captain-1/index.html (+0ms) 
14:37:42   ├─ /products/primariscaptainingravisarmour-brothercaptainvoltian/index.html (+0ms) 
14:37:42   ├─ /products/ultramarines-primaris-captain-with-relic-shield-and-power-sword/index.html (+0ms) 
14:37:42   ├─ /products/ultramarines-primaris-chaplain-brother-varus/index.html (+0ms) 
14:37:42   ├─ /products/ultramarines-primaris-company-champion/index.html (+0ms) 
14:37:42   ├─ /products/ultramarines-primaris-company-champion-brother-parnaeus/index.html (+0ms) 
14:37:42   ├─ /products/ultramarines-primaris-eradicator3/index.html (+0ms) 
14:37:42   ├─ /products/ultramarines-primaris-eradicator1/index.html (+1ms) 
14:37:42   ├─ /products/ultramarines-primaris-eradicator2/index.html (+0ms) 
14:37:42   ├─ /products/ultramarines-primaris-inceptors/index.html (+0ms) 
14:37:42   ├─ /products/ultramarines-primaris-invader-atv/index.html (+0ms) 
14:37:42   ├─ /products/ultramarines-primaris-lieutenant-argaranthe/index.html (+0ms) 
14:37:42   ├─ /products/primaris-lieutenant-horatius/index.html (+0ms) 
14:37:42   ├─ /products/ultramarines-primaris-reivers/index.html (+1ms) 
14:37:42   ├─ /products/ultramarines-primaris-techmarine-brother-tybestis/index.html (+0ms) 
14:37:42   ├─ /products/ultramarines-razorback-with-twin-lascannon/index.html (+0ms) 
14:37:42   ├─ /products/ultramarines-redemptor-dreadnought-brother-dreadnought-tyleas/index.html (+0ms) 
14:37:42   ├─ /products/ultramarines-relic-primus-armour-with-plasma-pistol-and-combat-blade/index.html (+0ms) 
14:37:42   ├─ /products/ultramarines-relic-secundus-armour-with-artificer-bolt-rifle-chainsword-and-bolt-pistol/index.html (+0ms) 
14:37:42   ├─ /products/ultramarines-remus-ventanus/index.html (+0ms) 
14:37:42   ├─ /products/ultramarines-sergeant-gadriel/index.html (+0ms) 
14:37:42   ├─ /products/ultramarines-sergeant-gadriel-collectors-edition/index.html (+0ms) 
14:37:42   ├─ /products/ultramarines-terminator-captain/index.html (+0ms) 
14:37:42   ├─ /products/ultramarines-terminator-captain-severus-agemman/index.html (+0ms) 
14:37:42   ├─ /products/ultramarines-terminator-chaplain-brother-vanius/index.html (+0ms) 
14:37:42   ├─ /products/ultramarines-terminator-squad/index.html (+0ms) 
14:37:42   ├─ /products/ultramarines-terminators-brother-acastian/index.html (+0ms) 
14:37:42   ├─ /products/ultramarines-terminators-brother-andrus/index.html (+0ms) 
14:37:42   ├─ /products/ultramarines-terminators-brother-caesaran/index.html (+0ms) 
14:37:42   ├─ /products/ultramarines-terminators-brother-orionus/index.html (+0ms) 
14:37:42   ├─ /products/ultramarines-terminators-sergeant-bellan/index.html (+0ms) 
14:37:42   ├─ /products/ultramarines-terminators-sergeant-terconon/index.html (+1ms) 
14:37:42   ├─ /products/ultramarines-torvald-with-power-sword,stormshield-and-bolt-pistol/index.html (+0ms) 
14:37:42   ├─ /products/ultramarines-vanguard-veteran-sergeant/index.html (+0ms) 
14:37:42   ├─ /products/ultramarines-vanguard-veteran-with-chainsword-and-bolt-pistol/index.html (+0ms) 
14:37:42   ├─ /products/ultramarines-vanguard-veteran-with-thunder-hammer-and-storm-shield/index.html (+0ms) 
14:37:42   ├─ /products/ultramarines-venerable-dreadnought/index.html (+0ms) 
14:37:42   ├─ /products/veteran-sergeant-icastus/index.html (+0ms) 
14:37:42   ├─ /products/ultramarines-victrix-guard-1/index.html (+0ms) 
14:37:42   ├─ /products/ultramarines-victrix-honour-guard-with-storm-shield-and-power-sword/index.html (+0ms) 
14:37:42   ├─ /products/ultramarinestitus-with-laurels-of-victory/index.html (+0ms) 
14:37:42   ├─ /products/white-consuls-bladeguard-veteran/index.html (+0ms) 
14:37:42   ├─ /products/white-scars-assault-lntercessor-brother-batjargal/index.html (+0ms) 
14:37:42   ├─ /products/white-scars-assault-lntercessor-sergeant-tsendbaatar/index.html (+0ms) 
14:37:42   ├─ /products/white-scars-captain-korsarro-khan/index.html (+0ms) 
14:37:42   ├─ /products/white-scars-contemptor-dreadnought-with-melta-cannon-and-gravis-power-fist/index.html (+0ms) 
14:37:42   ├─ /products/white-scars-hibou-khan,seeker-of-atonement,with-power-swordthe-breath-of-the-storm/index.html (+0ms) 
14:37:42   ├─ /products/white-scars-intercessor-with-bolt-rifle,-bolt-pistol-and-chainsword/index.html (+0ms) 
14:37:42   ├─ /products/white-scars-jaghatai-khan-primarch-of-the-vth-legion/index.html (+0ms) 
14:37:42   ├─ /products/white-scars-legion-praetor-in-cataphractii-terminator-armour-with-cyber-hawk,-chogorian-sword-and-combi-melta/index.html (+0ms) 
14:37:42   ├─ /products/white-scars-legion-shamshir-jetbike/index.html (+0ms) 
14:37:42   ├─ /products/white-scars-legion-vigilator-with-nemesis-rifle-and-bolt-pistol/index.html (+0ms) 
14:37:42   ├─ /products/white-scars-mkill-tactical-legionary/index.html (+0ms) 
14:37:42   ├─ /products/white-scars-mkvi-tactical-legionary/index.html (+0ms) 
14:37:42   ├─ /products/white-scars-mkx-helmet/index.html (+0ms) 
14:37:42   ├─ /products/white-scars-mkx-helmet-display-stand/index.html (+0ms) 
14:37:42   ├─ /products/white-scars-qin-xa-master-of-the-keshig-with-paired-bladesthetails-of-the-dragon/index.html (+0ms) 
14:37:42   ├─ /products/white-scars-raider-pattern-combat-bike/index.html (+0ms) 
14:37:42   ├─ /products/white-scars-stormseer-consul-with-force-staff-and-bolt-pistol/index.html (+1ms) 
14:37:42   ├─ /products/white-scars-terminator-squad-1/index.html (+0ms) 
14:37:42   ├─ /products/white-scars-terminator-squad/index.html (+0ms) 
14:37:42   ├─ /products/world-eaters-angron-daemon-primarch-of-khorne/index.html (+0ms) 
14:37:42   ├─ /products/world-eaters-khorne-berzerker/index.html (+1ms) 
14:37:42   ├─ /products/world-eaters-lord-invocatus/index.html (+0ms) 
14:37:42   ├─ /index.html (+4ms) 
14:37:42 ✓ Completed in 337ms.
14:37:42 [build] ✓ Completed in 3.70s.
14:37:42 [build] 567 page(s) built in 4.85s
14:37:42 [build] Complete!
> node scripts/verify-free-limits.mjs
Files: 14347/18999
Total output: 316.2 MiB
index.html gzip: 9.0 KiB
catalog-index.json gzip: 29.6 KiB
JavaScript gzip: 4.0 KiB
Assets by extension:
  .webp    13770 files  300.7 MiB
  .html      567 files  15.2 MiB
  .json        1 files  0.3 MiB
  .css         1 files  0.0 MiB
  .js          5 files  0.0 MiB
  .svg         2 files  0.0 MiB
  [none]       1 files  0.0 MiB
Largest files:
     315.0 KiB  data/catalog-index.json
      86.1 KiB  media/gallery/imperial-fists-redemptor-dreadnought/010.webp
      83.4 KiB  media/gallery/night-lords-konrad-curze-primarch-of-the-night-lords-legion/016.webp
      78.3 KiB  index.html
      77.3 KiB  media/thumbs/imperial-knights-house-raven-knight-errant.webp
      72.4 KiB  media/gallery/space-wolves-leman-russ/010.webp
      72.3 KiB  media/gallery/space-wolves-leman-russ/011.webp
      71.9 KiB  media/gallery/warmaster-horus-primarch-of-the-xvith-legion/006.webp
      71.1 KiB  media/gallery/mortarion,daemon-primarch-of-nurgle-with-ancient-weapons-the-lantern-and-silence/022.webp
      70.8 KiB  media/gallery/imperial-knights-house-raven-knight-errant/018.webp
FREE-TIER CHECK: PASS
/Users/alenguyen/Documents/mine/joytoy/warhammer-scraper/.venv/lib/python3.9/site-packages/urllib3/__init__.py:35: NotOpenSSLWarning: urllib3 v2 only supports OpenSSL 1.1.1+, currently the 'ssl' module is compiled with 'LibreSSL 2.8.3'. See: https://github.com/urllib3/urllib3/issues/3020
  warnings.warn(
/Users/alenguyen/Documents/mine/joytoy/warhammer-scraper/.venv/lib/python3.9/site-packages/urllib3/__init__.py:35: NotOpenSSLWarning: urllib3 v2 only supports OpenSSL 1.1.1+, currently the 'ssl' module is compiled with 'LibreSSL 2.8.3'. See: https://github.com/urllib3/urllib3/issues/3020
  warnings.warn(
/Users/alenguyen/Documents/mine/joytoy/warhammer-scraper/.venv/lib/python3.9/site-packages/urllib3/__init__.py:35: NotOpenSSLWarning: urllib3 v2 only supports OpenSSL 1.1.1+, currently the 'ssl' module is compiled with 'LibreSSL 2.8.3'. See: https://github.com/urllib3/urllib3/issues/3020
  warnings.warn(
/Users/alenguyen/Documents/mine/joytoy/warhammer-scraper/.venv/lib/python3.9/site-packages/urllib3/__init__.py:35: NotOpenSSLWarning: urllib3 v2 only supports OpenSSL 1.1.1+, currently the 'ssl' module is compiled with 'LibreSSL 2.8.3'. See: https://github.com/urllib3/urllib3/issues/3020
  warnings.warn(
/Users/alenguyen/Documents/mine/joytoy/warhammer-scraper/.venv/lib/python3.9/site-packages/urllib3/__init__.py:35: NotOpenSSLWarning: urllib3 v2 only supports OpenSSL 1.1.1+, currently the 'ssl' module is compiled with 'LibreSSL 2.8.3'. See: https://github.com/urllib3/urllib3/issues/3020
  warnings.warn(
/Users/alenguyen/Documents/mine/joytoy/warhammer-scraper/.venv/lib/python3.9/site-packages/urllib3/__init__.py:35: NotOpenSSLWarning: urllib3 v2 only supports OpenSSL 1.1.1+, currently the 'ssl' module is compiled with 'LibreSSL 2.8.3'. See: https://github.com/urllib3/urllib3/issues/3020
  warnings.warn(
/Users/alenguyen/Documents/mine/joytoy/warhammer-scraper/.venv/lib/python3.9/site-packages/urllib3/__init__.py:35: NotOpenSSLWarning: urllib3 v2 only supports OpenSSL 1.1.1+, currently the 'ssl' module is compiled with 'LibreSSL 2.8.3'. See: https://github.com/urllib3/urllib3/issues/3020
  warnings.warn(
/Users/alenguyen/Documents/mine/joytoy/warhammer-scraper/.venv/lib/python3.9/site-packages/urllib3/__init__.py:35: NotOpenSSLWarning: urllib3 v2 only supports OpenSSL 1.1.1+, currently the 'ssl' module is compiled with 'LibreSSL 2.8.3'. See: https://github.com/urllib3/urllib3/issues/3020
  warnings.warn(
/Users/alenguyen/Documents/mine/joytoy/warhammer-scraper/.venv/lib/python3.9/site-packages/urllib3/__init__.py:35: NotOpenSSLWarning: urllib3 v2 only supports OpenSSL 1.1.1+, currently the 'ssl' module is compiled with 'LibreSSL 2.8.3'. See: https://github.com/urllib3/urllib3/issues/3020
  warnings.warn(
